0 verbose cli /data/data/com.termux/files/usr/bin/node /data/data/com.termux/files/usr/bin/npm
1 info using npm@11.19.1
2 info using node@v26.4.0
3 silly config load:file:/data/data/com.termux/files/usr/lib/node_modules/npm/npmrc
4 silly config load:file:/data/data/com.termux/files/home/email-com/.npmrc
5 silly config load:file:/data/data/com.termux/files/home/.npmrc
6 silly config load:file:/data/data/com.termux/files/usr/etc/npmrc
7 verbose title npm install axios cheerio ws express cors
8 verbose argv "install" "axios" "cheerio" "ws" "express" "cors"
9 verbose logfile logs-max:10 dir:/data/data/com.termux/files/home/.npm/_logs/2026-08-28T23_30_13_654Z-
10 verbose logfile /data/data/com.termux/files/home/.npm/_logs/2026-08-28T23_30_13_654Z-debug-0.log
11 silly logfile done cleaning log files
12 silly packumentCache heap:1032847360 maxSize:258211840 maxEntrySize:129105920
13 silly idealTree buildDeps
14 silly fetch manifest axios@*
15 silly packumentCache full:https://registry.npmjs.org/axios cache-miss
16 http fetch GET 200 https://registry.npmjs.org/axios 542ms (cache miss)
17 silly packumentCache full:https://registry.npmjs.org/axios set size:undefined disposed:false
18 silly fetch manifest cheerio@*
19 silly packumentCache full:https://registry.npmjs.org/cheerio cache-miss
20 http fetch GET 200 https://registry.npmjs.org/cheerio 532ms (cache miss)
21 silly packumentCache full:https://registry.npmjs.org/cheerio set size:undefined disposed:false
22 silly fetch manifest ws@*
23 silly packumentCache full:https://registry.npmjs.org/ws cache-miss
24 http fetch GET 200 https://registry.npmjs.org/ws 538ms (cache miss)
25 silly packumentCache full:https://registry.npmjs.org/ws set size:undefined disposed:false
26 silly fetch manifest bufferutil@^4.0.1
27 silly packumentCache full:https://registry.npmjs.org/bufferutil cache-miss
28 http fetch GET 200 https://registry.npmjs.org/bufferutil 349ms (cache miss)
29 silly packumentCache full:https://registry.npmjs.org/bufferutil set size:undefined disposed:false
30 silly fetch manifest utf-8-validate@>=5.0.2
31 silly packumentCache full:https://registry.npmjs.org/utf-8-validate cache-miss
32 http fetch GET 200 https://registry.npmjs.org/utf-8-validate 343ms (cache miss)
33 silly packumentCache full:https://registry.npmjs.org/utf-8-validate set size:undefined disposed:false
34 silly fetch manifest express@*
35 silly packumentCache full:https://registry.npmjs.org/express cache-miss
36 http fetch GET 200 https://registry.npmjs.org/express 564ms (cache miss)
37 silly packumentCache full:https://registry.npmjs.org/express set size:undefined disposed:false
38 silly fetch manifest cors@*
39 silly packumentCache full:https://registry.npmjs.org/cors cache-miss
40 http fetch GET 200 https://registry.npmjs.org/cors 293ms (cache miss)
41 silly packumentCache full:https://registry.npmjs.org/cors set size:undefined disposed:false
42 silly placeDep ROOT axios@1.20.0 OK for: email-com@1.0.0 want: *
43 silly placeDep ROOT cheerio@1.2.0 OK for: email-com@1.0.0 want: *
44 silly placeDep ROOT cors@2.8.6 OK for: email-com@1.0.0 want: *
45 silly placeDep ROOT express@5.2.1 OK for: email-com@1.0.0 want: *
46 silly placeDep ROOT ws@8.21.3 OK for: email-com@1.0.0 want: *
47 silly fetch manifest form-data@^4.0.6
48 silly packumentCache full:https://registry.npmjs.org/form-data cache-miss
49 silly fetch manifest proxy-from-env@^2.1.0
50 silly packumentCache full:https://registry.npmjs.org/proxy-from-env cache-miss
51 silly fetch manifest follow-redirects@^1.16.0
52 silly packumentCache full:https://registry.npmjs.org/follow-redirects cache-miss
53 silly fetch manifest https-proxy-agent@^5.0.1
54 silly packumentCache full:https://registry.npmjs.org/https-proxy-agent cache-miss
55 silly fetch manifest parse5@^7.3.0
56 silly packumentCache full:https://registry.npmjs.org/parse5 cache-miss
57 silly fetch manifest undici@^7.19.0
58 silly packumentCache full:https://registry.npmjs.org/undici cache-miss
59 silly fetch manifest domutils@^3.2.2
60 silly packumentCache full:https://registry.npmjs.org/domutils cache-miss
61 http fetch GET 200 https://registry.npmjs.org/proxy-from-env 303ms (cache miss)
62 silly packumentCache full:https://registry.npmjs.org/proxy-from-env set size:undefined disposed:false
63 silly fetch manifest domhandler@^5.0.3
64 silly packumentCache full:https://registry.npmjs.org/domhandler cache-miss
65 http fetch GET 200 https://registry.npmjs.org/follow-redirects 549ms (cache miss)
66 silly packumentCache full:https://registry.npmjs.org/follow-redirects set size:undefined disposed:false
67 silly fetch manifest htmlparser2@^10.1.0
68 silly packumentCache full:https://registry.npmjs.org/htmlparser2 cache-miss
69 http fetch GET 200 https://registry.npmjs.org/form-data 684ms (cache miss)
70 silly packumentCache full:https://registry.npmjs.org/form-data set size:undefined disposed:false
71 silly fetch manifest cheerio-select@^2.1.0
72 silly packumentCache full:https://registry.npmjs.org/cheerio-select cache-miss
73 http fetch GET 200 https://registry.npmjs.org/https-proxy-agent 716ms (cache miss)
74 silly packumentCache full:https://registry.npmjs.org/https-proxy-agent set size:undefined disposed:false
75 silly fetch manifest dom-serializer@^2.0.0
76 silly packumentCache full:https://registry.npmjs.org/dom-serializer cache-miss
77 http fetch GET 200 https://registry.npmjs.org/parse5 946ms (cache miss)
78 silly packumentCache full:https://registry.npmjs.org/parse5 set size:undefined disposed:false
79 silly fetch manifest whatwg-mimetype@^4.0.0
80 silly packumentCache full:https://registry.npmjs.org/whatwg-mimetype cache-miss
81 http fetch GET 200 https://registry.npmjs.org/undici 1353ms (cache miss)
82 silly packumentCache full:https://registry.npmjs.org/undici set size:undefined disposed:false
83 silly fetch manifest encoding-sniffer@^0.2.1
84 silly packumentCache full:https://registry.npmjs.org/encoding-sniffer cache-miss
85 http fetch GET 200 https://registry.npmjs.org/cheerio-select 853ms (cache miss)
86 silly packumentCache full:https://registry.npmjs.org/cheerio-select set size:undefined disposed:false
87 silly fetch manifest parse5-parser-stream@^7.1.2
88 silly packumentCache full:https://registry.npmjs.org/parse5-parser-stream cache-miss
89 http fetch GET 200 https://registry.npmjs.org/whatwg-mimetype 593ms (cache miss)
90 silly packumentCache full:https://registry.npmjs.org/whatwg-mimetype set size:undefined disposed:false
91 silly fetch manifest parse5-htmlparser2-tree-adapter@^7.1.0
92 silly packumentCache full:https://registry.npmjs.org/parse5-htmlparser2-tree-adapter cache-miss
93 http fetch GET 200 https://registry.npmjs.org/dom-serializer 849ms (cache miss)
94 silly packumentCache full:https://registry.npmjs.org/dom-serializer set size:undefined disposed:false
95 silly fetch manifest object-assign@^4
96 silly packumentCache full:https://registry.npmjs.org/object-assign cache-miss
97 http fetch GET 200 https://registry.npmjs.org/htmlparser2 1030ms (cache miss)
98 silly packumentCache full:https://registry.npmjs.org/htmlparser2 set size:undefined disposed:false
99 silly fetch manifest vary@^1
100 silly packumentCache full:https://registry.npmjs.org/vary cache-miss
101 http fetch GET 200 https://registry.npmjs.org/domhandler 1453ms (cache miss)
102 silly packumentCache full:https://registry.npmjs.org/domhandler set size:undefined disposed:false
103 silly fetch manifest qs@^6.14.0
104 silly packumentCache full:https://registry.npmjs.org/qs cache-miss
105 http fetch GET 200 https://registry.npmjs.org/encoding-sniffer 346ms (cache miss)
106 silly packumentCache full:https://registry.npmjs.org/encoding-sniffer set size:undefined disposed:false
107 silly fetch manifest depd@^2.0.0
108 silly packumentCache full:https://registry.npmjs.org/depd cache-miss
109 http fetch GET 200 https://registry.npmjs.org/parse5-htmlparser2-tree-adapter 280ms (cache miss)
110 silly packumentCache full:https://registry.npmjs.org/parse5-htmlparser2-tree-adapter set size:undefined disposed:false
111 silly fetch manifest etag@^1.8.1
112 silly packumentCache full:https://registry.npmjs.org/etag cache-miss
113 http fetch GET 200 https://registry.npmjs.org/object-assign 281ms (cache miss)
114 silly packumentCache full:https://registry.npmjs.org/object-assign set size:undefined disposed:false
115 silly fetch manifest once@^1.4.0
116 silly packumentCache full:https://registry.npmjs.org/once cache-miss
117 http fetch GET 200 https://registry.npmjs.org/domutils 1885ms (cache miss)
118 silly packumentCache full:https://registry.npmjs.org/domutils set size:undefined disposed:false
119 silly fetch manifest send@^1.1.0
120 silly packumentCache full:https://registry.npmjs.org/send cache-miss
121 http fetch GET 200 https://registry.npmjs.org/parse5-parser-stream 356ms (cache miss)
122 silly packumentCache full:https://registry.npmjs.org/parse5-parser-stream set size:undefined disposed:false
123 silly fetch manifest vary@^1.1.2
124 silly packumentCache full:https://registry.npmjs.org/vary cache-miss
125 http fetch GET 200 https://registry.npmjs.org/once 60ms (cache miss)
126 silly packumentCache full:https://registry.npmjs.org/once set size:undefined disposed:false
127 silly fetch manifest debug@^4.4.0
128 silly packumentCache full:https://registry.npmjs.org/debug cache-miss
129 http fetch GET 200 https://registry.npmjs.org/vary 349ms (cache miss)
130 silly packumentCache full:https://registry.npmjs.org/vary set size:undefined disposed:false
131 silly fetch manifest fresh@^2.0.0
132 silly packumentCache full:https://registry.npmjs.org/fresh cache-miss
133 http fetch GET 200 https://registry.npmjs.org/qs 220ms (cache miss)
134 silly packumentCache full:https://registry.npmjs.org/qs set size:undefined disposed:false
135 silly fetch manifest cookie@^0.7.1
136 silly packumentCache full:https://registry.npmjs.org/cookie cache-miss
137 http fetch GET 200 https://registry.npmjs.org/vary 134ms (cache miss)
138 silly packumentCache full:https://registry.npmjs.org/vary set size:undefined disposed:false
139 silly fetch manifest router@^2.2.0
140 silly packumentCache full:https://registry.npmjs.org/router cache-miss
141 http fetch GET 200 https://registry.npmjs.org/debug 133ms (cache miss)
142 silly packumentCache full:https://registry.npmjs.org/debug set size:undefined disposed:false
143 silly fetch manifest accepts@^2.0.0
144 silly packumentCache full:https://registry.npmjs.org/accepts cache-miss
145 http fetch GET 200 https://registry.npmjs.org/depd 307ms (cache miss)
146 silly packumentCache full:https://registry.npmjs.org/depd set size:undefined disposed:false
147 silly fetch manifest type-is@^2.0.1
148 silly packumentCache full:https://registry.npmjs.org/type-is cache-miss
149 http fetch GET 200 https://registry.npmjs.org/etag 283ms (cache miss)
150 silly packumentCache full:https://registry.npmjs.org/etag set size:undefined disposed:false
151 silly fetch manifest parseurl@^1.3.3
152 silly packumentCache full:https://registry.npmjs.org/parseurl cache-miss
153 http fetch GET 200 https://registry.npmjs.org/send 373ms (cache miss)
154 silly packumentCache full:https://registry.npmjs.org/send set size:undefined disposed:false
155 silly fetch manifest statuses@^2.0.1
156 silly packumentCache full:https://registry.npmjs.org/statuses cache-miss
157 http fetch GET 200 https://registry.npmjs.org/fresh 364ms (cache miss)
158 silly packumentCache full:https://registry.npmjs.org/fresh set size:undefined disposed:false
159 silly fetch manifest encodeurl@^2.0.0
160 silly packumentCache full:https://registry.npmjs.org/encodeurl cache-miss
161 http fetch GET 200 https://registry.npmjs.org/router 342ms (cache miss)
162 silly packumentCache full:https://registry.npmjs.org/router set size:undefined disposed:false
163 silly fetch manifest mime-types@^3.0.0
164 silly packumentCache full:https://registry.npmjs.org/mime-types cache-miss
165 http fetch GET 200 https://registry.npmjs.org/cookie 567ms (cache miss)
166 silly packumentCache full:https://registry.npmjs.org/cookie set size:undefined disposed:false
167 silly fetch manifest proxy-addr@^2.0.7
168 silly packumentCache full:https://registry.npmjs.org/proxy-addr cache-miss
169 http fetch GET 200 https://registry.npmjs.org/accepts 515ms (cache miss)
170 silly packumentCache full:https://registry.npmjs.org/accepts set size:undefined disposed:false
171 silly fetch manifest body-parser@^2.2.1
172 silly packumentCache full:https://registry.npmjs.org/body-parser cache-miss
173 http fetch GET 200 https://registry.npmjs.org/parseurl 496ms (cache miss)
174 silly packumentCache full:https://registry.npmjs.org/parseurl set size:undefined disposed:false
175 silly fetch manifest escape-html@^1.0.3
176 silly packumentCache full:https://registry.npmjs.org/escape-html cache-miss
177 http fetch GET 200 https://registry.npmjs.org/type-is 523ms (cache miss)
178 silly packumentCache full:https://registry.npmjs.org/type-is set size:undefined disposed:false
179 silly fetch manifest http-errors@^2.0.0
180 silly packumentCache full:https://registry.npmjs.org/http-errors cache-miss
181 http fetch GET 200 https://registry.npmjs.org/statuses 611ms (cache miss)
182 silly packumentCache full:https://registry.npmjs.org/statuses set size:undefined disposed:false
183 silly fetch manifest on-finished@^2.4.1
184 silly packumentCache full:https://registry.npmjs.org/on-finished cache-miss
185 http fetch GET 200 https://registry.npmjs.org/mime-types 648ms (cache miss)
186 silly packumentCache full:https://registry.npmjs.org/mime-types set size:undefined disposed:false
187 silly fetch manifest content-type@^1.0.5
188 silly packumentCache full:https://registry.npmjs.org/content-type cache-miss
189 http fetch GET 200 https://registry.npmjs.org/body-parser 605ms (cache miss)
190 silly packumentCache full:https://registry.npmjs.org/body-parser set size:undefined disposed:false
191 silly fetch manifest finalhandler@^2.1.0
192 silly packumentCache full:https://registry.npmjs.org/finalhandler cache-miss
193 http fetch GET 200 https://registry.npmjs.org/escape-html 658ms (cache miss)
194 silly packumentCache full:https://registry.npmjs.org/escape-html set size:undefined disposed:false
195 silly fetch manifest range-parser@^1.2.1
196 silly packumentCache full:https://registry.npmjs.org/range-parser cache-miss
197 http fetch GET 200 https://registry.npmjs.org/proxy-addr 712ms (cache miss)
198 silly packumentCache full:https://registry.npmjs.org/proxy-addr set size:undefined disposed:false
199 silly fetch manifest serve-static@^2.2.0
200 silly packumentCache full:https://registry.npmjs.org/serve-static cache-miss
201 http fetch GET 200 https://registry.npmjs.org/http-errors 677ms (cache miss)
202 silly packumentCache full:https://registry.npmjs.org/http-errors set size:undefined disposed:false
203 silly fetch manifest cookie-signature@^1.2.1
204 silly packumentCache full:https://registry.npmjs.org/cookie-signature cache-miss
205 http fetch GET 200 https://registry.npmjs.org/encodeurl 1006ms (cache miss)
206 silly packumentCache full:https://registry.npmjs.org/encodeurl set size:undefined disposed:false
207 silly fetch manifest merge-descriptors@^2.0.0
208 silly packumentCache full:https://registry.npmjs.org/merge-descriptors cache-miss
209 http fetch GET 200 https://registry.npmjs.org/content-type 497ms (cache miss)
210 silly packumentCache full:https://registry.npmjs.org/content-type set size:undefined disposed:false
211 silly fetch manifest content-disposition@^1.0.0
212 silly packumentCache full:https://registry.npmjs.org/content-disposition cache-miss
213 http fetch GET 200 https://registry.npmjs.org/finalhandler 389ms (cache miss)
214 silly packumentCache full:https://registry.npmjs.org/finalhandler set size:undefined disposed:false
215 http fetch GET 200 https://registry.npmjs.org/range-parser 466ms (cache miss)
216 silly packumentCache full:https://registry.npmjs.org/range-parser set size:undefined disposed:false
217 http fetch GET 200 https://registry.npmjs.org/on-finished 884ms (cache miss)
218 silly packumentCache full:https://registry.npmjs.org/on-finished set size:undefined disposed:false
219 http fetch GET 200 https://registry.npmjs.org/serve-static 483ms (cache miss)
220 silly packumentCache full:https://registry.npmjs.org/serve-static set size:undefined disposed:false
221 http fetch GET 200 https://registry.npmjs.org/cookie-signature 478ms (cache miss)
222 silly packumentCache full:https://registry.npmjs.org/cookie-signature set size:undefined disposed:false
223 http fetch GET 200 https://registry.npmjs.org/merge-descriptors 478ms (cache miss)
224 silly packumentCache full:https://registry.npmjs.org/merge-descriptors set size:undefined disposed:false
225 http fetch GET 200 https://registry.npmjs.org/content-disposition 852ms (cache miss)
226 silly packumentCache full:https://registry.npmjs.org/content-disposition set size:undefined disposed:false
227 silly placeDep ROOT follow-redirects@1.16.0 OK for: axios@1.20.0 want: ^1.16.0
228 silly placeDep ROOT form-data@4.0.6 OK for: axios@1.20.0 want: ^4.0.6
229 silly placeDep ROOT https-proxy-agent@5.0.1 OK for: axios@1.20.0 want: ^5.0.1
230 silly placeDep ROOT proxy-from-env@2.1.0 OK for: axios@1.20.0 want: ^2.1.0
231 silly fetch manifest hasown@^2.0.4
232 silly packumentCache full:https://registry.npmjs.org/hasown cache-miss
233 silly fetch manifest asynckit@^0.4.0
234 silly packumentCache full:https://registry.npmjs.org/asynckit cache-miss
235 silly fetch manifest mime-types@^2.1.35
236 silly packumentCache full:https://registry.npmjs.org/mime-types cache-miss
237 silly fetch manifest combined-stream@^1.0.8
238 silly packumentCache full:https://registry.npmjs.org/combined-stream cache-miss
239 silly fetch manifest es-set-tostringtag@^2.1.0
240 silly packumentCache full:https://registry.npmjs.org/es-set-tostringtag cache-miss
241 silly fetch manifest debug@4
242 silly packumentCache full:https://registry.npmjs.org/debug cache-miss
243 silly fetch manifest agent-base@6
244 silly packumentCache full:https://registry.npmjs.org/agent-base cache-miss
245 http cache https://registry.npmjs.org/mime-types 79ms (cache hit)
246 silly packumentCache full:https://registry.npmjs.org/mime-types set size:139110 disposed:false
247 http cache https://registry.npmjs.org/debug 89ms (cache hit)
248 silly packumentCache full:https://registry.npmjs.org/debug set size:195840 disposed:false
249 http fetch GET 200 https://registry.npmjs.org/combined-stream 188ms (cache miss)
250 silly packumentCache full:https://registry.npmjs.org/combined-stream set size:undefined disposed:false
251 http fetch GET 200 https://registry.npmjs.org/hasown 382ms (cache miss)
252 silly packumentCache full:https://registry.npmjs.org/hasown set size:undefined disposed:false
253 http fetch GET 200 https://registry.npmjs.org/asynckit 410ms (cache miss)
254 silly packumentCache full:https://registry.npmjs.org/asynckit set size:undefined disposed:false
255 http fetch GET 200 https://registry.npmjs.org/es-set-tostringtag 410ms (cache miss)
256 silly packumentCache full:https://registry.npmjs.org/es-set-tostringtag set size:undefined disposed:false
257 http fetch GET 200 https://registry.npmjs.org/agent-base 413ms (cache miss)
258 silly packumentCache full:https://registry.npmjs.org/agent-base set size:undefined disposed:false
259 silly placeDep ROOT cheerio-select@2.1.0 OK for: cheerio@1.2.0 want: ^2.1.0
260 silly placeDep ROOT dom-serializer@2.0.0 OK for: cheerio@1.2.0 want: ^2.0.0
261 silly placeDep ROOT domhandler@5.0.3 OK for: cheerio@1.2.0 want: ^5.0.3
262 silly placeDep ROOT domutils@3.2.2 OK for: cheerio@1.2.0 want: ^3.2.2
263 silly placeDep ROOT encoding-sniffer@0.2.1 OK for: cheerio@1.2.0 want: ^0.2.1
264 silly placeDep ROOT htmlparser2@10.1.0 OK for: cheerio@1.2.0 want: ^10.1.0
265 silly placeDep ROOT parse5@7.3.0 OK for: cheerio@1.2.0 want: ^7.3.0
266 silly placeDep ROOT parse5-htmlparser2-tree-adapter@7.1.0 OK for: cheerio@1.2.0 want: ^7.1.0
267 silly placeDep ROOT parse5-parser-stream@7.1.2 OK for: cheerio@1.2.0 want: ^7.1.2
268 silly placeDep ROOT undici@7.29.0 OK for: cheerio@1.2.0 want: ^7.19.0
269 silly placeDep ROOT whatwg-mimetype@4.0.0 OK for: cheerio@1.2.0 want: ^4.0.0
270 silly fetch manifest boolbase@^1.0.0
271 silly packumentCache full:https://registry.npmjs.org/boolbase cache-miss
272 silly fetch manifest css-what@^6.1.0
273 silly packumentCache full:https://registry.npmjs.org/css-what cache-miss
274 silly fetch manifest domutils@^3.0.1
275 silly packumentCache full:https://registry.npmjs.org/domutils cache-miss
276 silly fetch manifest css-select@^5.1.0
277 silly packumentCache full:https://registry.npmjs.org/css-select cache-miss
278 silly fetch manifest domelementtype@^2.3.0
279 silly packumentCache full:https://registry.npmjs.org/domelementtype cache-miss
280 silly fetch manifest entities@^4.2.0
281 silly packumentCache full:https://registry.npmjs.org/entities cache-miss
282 silly fetch manifest domhandler@^5.0.2
283 silly packumentCache full:https://registry.npmjs.org/domhandler cache-miss
284 http cache https://registry.npmjs.org/domhandler 38ms (cache hit)
285 silly packumentCache full:https://registry.npmjs.org/domhandler set size:78187 disposed:false
286 silly fetch manifest domelementtype@^2.3.0
287 silly packumentCache full:https://registry.npmjs.org/domelementtype cache-miss
288 http cache https://registry.npmjs.org/domutils 65ms (cache hit)
289 silly packumentCache full:https://registry.npmjs.org/domutils set size:110068 disposed:false
290 silly fetch manifest domelementtype@^2.3.0
291 silly packumentCache full:https://registry.npmjs.org/domelementtype cache-miss
292 http fetch GET 200 https://registry.npmjs.org/css-select 358ms (cache miss)
293 silly packumentCache full:https://registry.npmjs.org/css-select set size:undefined disposed:false
294 silly fetch manifest domelementtype@^2.3.0
295 silly packumentCache full:https://registry.npmjs.org/domelementtype cache-miss
296 http fetch GET 200 https://registry.npmjs.org/entities 460ms (cache miss)
297 silly packumentCache full:https://registry.npmjs.org/entities set size:undefined disposed:false
298 silly fetch manifest iconv-lite@^0.6.3
299 silly packumentCache full:https://registry.npmjs.org/iconv-lite cache-miss
300 http fetch GET 200 https://registry.npmjs.org/boolbase 491ms (cache miss)
301 silly packumentCache full:https://registry.npmjs.org/boolbase set size:undefined disposed:false
302 silly fetch manifest whatwg-encoding@^3.1.1
303 silly packumentCache full:https://registry.npmjs.org/whatwg-encoding cache-miss
304 http fetch GET 200 https://registry.npmjs.org/domelementtype 543ms (cache miss)
305 silly packumentCache full:https://registry.npmjs.org/domelementtype set size:undefined disposed:false
306 silly fetch manifest entities@^7.0.1
307 silly packumentCache full:https://registry.npmjs.org/entities cache-miss
308 http fetch GET 200 https://registry.npmjs.org/domelementtype 613ms (cache miss)
309 silly packumentCache full:https://registry.npmjs.org/domelementtype set size:undefined disposed:false
310 silly fetch manifest entities@^6.0.0
311 silly packumentCache full:https://registry.npmjs.org/entities cache-miss
312 http fetch GET 200 https://registry.npmjs.org/domelementtype 552ms (cache miss)
313 silly packumentCache full:https://registry.npmjs.org/domelementtype set size:undefined disposed:false
314 http fetch GET 200 https://registry.npmjs.org/domelementtype 263ms (cache miss)
315 silly packumentCache full:https://registry.npmjs.org/domelementtype set size:undefined disposed:false
316 http fetch GET 200 https://registry.npmjs.org/css-what 646ms (cache miss)
317 silly packumentCache full:https://registry.npmjs.org/css-what set size:undefined disposed:false
318 http cache https://registry.npmjs.org/entities 46ms (cache hit)
319 silly packumentCache full:https://registry.npmjs.org/entities set size:101550 disposed:false
320 http cache https://registry.npmjs.org/entities 47ms (cache hit)
321 silly packumentCache full:https://registry.npmjs.org/entities set size:101550 disposed:false
322 silly packumentCache full:https://registry.npmjs.org/entities dispose
323 http fetch GET 200 https://registry.npmjs.org/iconv-lite 567ms (cache miss)
324 silly packumentCache full:https://registry.npmjs.org/iconv-lite set size:undefined disposed:false
325 http fetch GET 200 https://registry.npmjs.org/whatwg-encoding 587ms (cache miss)
326 silly packumentCache full:https://registry.npmjs.org/whatwg-encoding set size:undefined disposed:false
327 silly placeDep ROOT boolbase@1.0.0 OK for: cheerio-select@2.1.0 want: ^1.0.0
328 silly placeDep ROOT css-select@5.2.2 OK for: cheerio-select@2.1.0 want: ^5.1.0
329 silly placeDep ROOT css-what@6.2.2 OK for: cheerio-select@2.1.0 want: ^6.1.0
330 silly placeDep ROOT domelementtype@2.3.0 OK for: cheerio-select@2.1.0 want: ^2.3.0
331 silly fetch manifest nth-check@^2.0.1
332 silly packumentCache full:https://registry.npmjs.org/nth-check cache-miss
333 http fetch GET 200 https://registry.npmjs.org/nth-check 362ms (cache miss)
334 silly packumentCache full:https://registry.npmjs.org/nth-check set size:undefined disposed:false
335 silly placeDep ROOT object-assign@4.1.1 OK for: cors@2.8.6 want: ^4
336 silly placeDep ROOT vary@1.1.2 OK for: cors@2.8.6 want: ^1
337 silly placeDep ROOT nth-check@2.1.1 OK for: css-select@5.2.2 want: ^2.0.1
338 silly placeDep ROOT entities@4.5.0 OK for: dom-serializer@2.0.0 want: ^4.2.0
339 silly placeDep ROOT iconv-lite@0.6.3 OK for: encoding-sniffer@0.2.1 want: ^0.6.3
340 silly placeDep ROOT whatwg-encoding@3.1.1 OK for: encoding-sniffer@0.2.1 want: ^3.1.1
341 silly fetch manifest safer-buffer@>= 2.1.2 < 3.0.0
342 silly packumentCache full:https://registry.npmjs.org/safer-buffer cache-miss
343 http fetch GET 200 https://registry.npmjs.org/safer-buffer 138ms (cache miss)
344 silly packumentCache full:https://registry.npmjs.org/safer-buffer set size:undefined disposed:false
345 silly placeDep ROOT accepts@2.0.0 OK for: express@5.2.1 want: ^2.0.0
346 silly placeDep ROOT body-parser@2.3.0 OK for: express@5.2.1 want: ^2.2.1
347 silly placeDep ROOT content-disposition@1.1.0 OK for: express@5.2.1 want: ^1.0.0
348 silly placeDep ROOT content-type@1.0.5 OK for: express@5.2.1 want: ^1.0.5
349 silly placeDep ROOT cookie@0.7.2 OK for: express@5.2.1 want: ^0.7.1
350 silly placeDep ROOT cookie-signature@1.2.2 OK for: express@5.2.1 want: ^1.2.1
351 silly placeDep ROOT debug@4.4.3 OK for: express@5.2.1 want: ^4.4.0
352 silly placeDep ROOT depd@2.0.0 OK for: express@5.2.1 want: ^2.0.0
353 silly placeDep ROOT encodeurl@2.0.0 OK for: express@5.2.1 want: ^2.0.0
354 silly placeDep ROOT escape-html@1.0.3 OK for: express@5.2.1 want: ^1.0.3
355 silly placeDep ROOT etag@1.8.1 OK for: express@5.2.1 want: ^1.8.1
356 silly placeDep ROOT finalhandler@2.1.1 OK for: express@5.2.1 want: ^2.1.0
357 silly placeDep ROOT fresh@2.0.0 OK for: express@5.2.1 want: ^2.0.0
358 silly placeDep ROOT http-errors@2.0.1 OK for: express@5.2.1 want: ^2.0.0
359 silly placeDep ROOT merge-descriptors@2.0.0 OK for: express@5.2.1 want: ^2.0.0
360 silly placeDep ROOT mime-types@3.0.2 OK for: express@5.2.1 want: ^3.0.0
361 silly placeDep ROOT on-finished@2.4.1 OK for: express@5.2.1 want: ^2.4.1
362 silly placeDep ROOT once@1.4.0 OK for: express@5.2.1 want: ^1.4.0
363 silly placeDep ROOT parseurl@1.3.3 OK for: express@5.2.1 want: ^1.3.3
364 silly placeDep ROOT proxy-addr@2.0.7 OK for: express@5.2.1 want: ^2.0.7
365 silly placeDep ROOT qs@6.15.3 OK for: express@5.2.1 want: ^6.14.0
366 silly placeDep ROOT range-parser@1.3.0 OK for: express@5.2.1 want: ^1.2.1
367 silly placeDep ROOT router@2.2.0 OK for: express@5.2.1 want: ^2.2.0
368 silly placeDep ROOT send@1.2.1 OK for: express@5.2.1 want: ^1.1.0
369 silly placeDep ROOT serve-static@2.2.1 OK for: express@5.2.1 want: ^2.2.0
370 silly placeDep ROOT statuses@2.0.2 OK for: express@5.2.1 want: ^2.0.1
371 silly placeDep ROOT type-is@2.1.0 OK for: express@5.2.1 want: ^2.0.1
372 silly fetch manifest negotiator@^1.0.0
373 silly packumentCache full:https://registry.npmjs.org/negotiator cache-miss
374 silly fetch manifest qs@^6.15.2
375 silly packumentCache full:https://registry.npmjs.org/qs cache-miss
376 silly fetch manifest bytes@^3.1.2
377 silly packumentCache full:https://registry.npmjs.org/bytes cache-miss
378 silly fetch manifest debug@^4.4.3
379 silly packumentCache full:https://registry.npmjs.org/debug cache-hit
380 silly fetch manifest type-is@^2.1.0
381 silly packumentCache full:https://registry.npmjs.org/type-is cache-miss
382 silly fetch manifest raw-body@^3.0.2
383 silly packumentCache full:https://registry.npmjs.org/raw-body cache-miss
384 silly fetch manifest iconv-lite@^0.7.2
385 silly packumentCache full:https://registry.npmjs.org/iconv-lite cache-miss
386 silly fetch manifest http-errors@^2.0.1
387 silly packumentCache full:https://registry.npmjs.org/http-errors cache-miss
388 http cache https://registry.npmjs.org/qs 54ms (cache hit)
389 silly packumentCache full:https://registry.npmjs.org/qs set size:360318 disposed:false
390 silly fetch manifest content-type@^2.0.0
391 silly packumentCache full:https://registry.npmjs.org/content-type cache-miss
392 http cache https://registry.npmjs.org/type-is 86ms (cache hit)
393 silly packumentCache full:https://registry.npmjs.org/type-is set size:88614 disposed:false
394 silly fetch manifest ms@^2.1.3
395 silly packumentCache full:https://registry.npmjs.org/ms cache-miss
396 http cache https://registry.npmjs.org/iconv-lite 97ms (cache hit)
397 silly packumentCache full:https://registry.npmjs.org/iconv-lite set size:126462 disposed:false
398 silly fetch manifest inherits@~2.0.4
399 silly packumentCache full:https://registry.npmjs.org/inherits cache-miss
400 http cache https://registry.npmjs.org/http-errors 114ms (cache hit)
401 silly packumentCache full:https://registry.npmjs.org/http-errors set size:71987 disposed:false
402 silly fetch manifest setprototypeof@~1.2.0
403 silly packumentCache full:https://registry.npmjs.org/setprototypeof cache-miss
404 http cache https://registry.npmjs.org/content-type 72ms (cache hit)
405 silly packumentCache full:https://registry.npmjs.org/content-type set size:23936 disposed:false
406 silly fetch manifest statuses@~2.0.2
407 silly packumentCache full:https://registry.npmjs.org/statuses cache-miss
408 http cache https://registry.npmjs.org/statuses 12ms (cache hit)
409 silly packumentCache full:https://registry.npmjs.org/statuses set size:37117 disposed:false
410 silly fetch manifest toidentifier@~1.0.1
411 silly packumentCache full:https://registry.npmjs.org/toidentifier cache-miss
412 http fetch GET 200 https://registry.npmjs.org/inherits 74ms (cache miss)
413 silly packumentCache full:https://registry.npmjs.org/inherits set size:undefined disposed:false
414 silly fetch manifest mime-db@^1.54.0
415 silly packumentCache full:https://registry.npmjs.org/mime-db cache-miss
416 http fetch GET 200 https://registry.npmjs.org/raw-body 403ms (cache miss)
417 silly packumentCache full:https://registry.npmjs.org/raw-body set size:undefined disposed:false
418 silly fetch manifest ee-first@1.1.1
419 silly packumentCache full:https://registry.npmjs.org/ee-first cache-miss
420 http fetch GET 200 https://registry.npmjs.org/bytes 446ms (cache miss)
421 silly packumentCache full:https://registry.npmjs.org/bytes set size:undefined disposed:false
422 silly fetch manifest wrappy@1
423 silly packumentCache full:https://registry.npmjs.org/wrappy cache-miss
424 http fetch GET 200 https://registry.npmjs.org/negotiator 513ms (cache miss)
425 silly packumentCache full:https://registry.npmjs.org/negotiator set size:undefined disposed:false
426 silly fetch manifest forwarded@0.2.0
427 silly packumentCache full:https://registry.npmjs.org/forwarded cache-miss
428 http fetch GET 200 https://registry.npmjs.org/ms 492ms (cache miss)
429 silly packumentCache full:https://registry.npmjs.org/ms set size:undefined disposed:false
430 silly fetch manifest ipaddr.js@1.9.1
431 silly packumentCache full:https://registry.npmjs.org/ipaddr.js cache-miss
432 http fetch GET 200 https://registry.npmjs.org/setprototypeof 483ms (cache miss)
433 silly packumentCache full:https://registry.npmjs.org/setprototypeof set size:undefined disposed:false
434 silly fetch manifest side-channel@^1.1.1
435 silly packumentCache full:https://registry.npmjs.org/side-channel cache-miss
436 http fetch GET 200 https://registry.npmjs.org/mime-db 608ms (cache miss)
437 silly packumentCache full:https://registry.npmjs.org/mime-db set size:undefined disposed:false
438 silly fetch manifest es-define-property@^1.0.1
439 silly packumentCache full:https://registry.npmjs.org/es-define-property cache-miss
440 http fetch GET 200 https://registry.npmjs.org/toidentifier 669ms (cache miss)
441 silly packumentCache full:https://registry.npmjs.org/toidentifier set size:undefined disposed:false
442 silly fetch manifest is-promise@^4.0.0
443 silly packumentCache full:https://registry.npmjs.org/is-promise cache-miss
444 http fetch GET 200 https://registry.npmjs.org/wrappy 422ms (cache miss)
445 silly packumentCache full:https://registry.npmjs.org/wrappy set size:undefined disposed:false
446 silly fetch manifest path-to-regexp@^8.0.0
447 silly packumentCache full:https://registry.npmjs.org/path-to-regexp cache-miss
448 http fetch GET 200 https://registry.npmjs.org/ee-first 710ms (cache miss)
449 silly packumentCache full:https://registry.npmjs.org/ee-first set size:undefined disposed:false
450 silly fetch manifest statuses@^2.0.2
451 silly packumentCache full:https://registry.npmjs.org/statuses cache-hit
452 silly fetch manifest media-typer@^1.1.0
453 silly packumentCache full:https://registry.npmjs.org/media-typer cache-miss
454 http fetch GET 200 https://registry.npmjs.org/es-define-property 357ms (cache miss)
455 silly packumentCache full:https://registry.npmjs.org/es-define-property set size:undefined disposed:false
456 http fetch GET 200 https://registry.npmjs.org/ipaddr.js 590ms (cache miss)
457 silly packumentCache full:https://registry.npmjs.org/ipaddr.js set size:undefined disposed:false
458 http fetch GET 200 https://registry.npmjs.org/forwarded 690ms (cache miss)
459 silly packumentCache full:https://registry.npmjs.org/forwarded set size:undefined disposed:false
460 http fetch GET 200 https://registry.npmjs.org/side-channel 729ms (cache miss)
461 silly packumentCache full:https://registry.npmjs.org/side-channel set size:undefined disposed:false
462 http fetch GET 200 https://registry.npmjs.org/is-promise 519ms (cache miss)
463 silly packumentCache full:https://registry.npmjs.org/is-promise set size:undefined disposed:false
464 http fetch GET 200 https://registry.npmjs.org/path-to-regexp 649ms (cache miss)
465 silly packumentCache full:https://registry.npmjs.org/path-to-regexp set size:undefined disposed:false
466 http fetch GET 200 https://registry.npmjs.org/media-typer 448ms (cache miss)
467 silly packumentCache full:https://registry.npmjs.org/media-typer set size:undefined disposed:false
468 silly placeDep ROOT negotiator@1.1.0 OK for: accepts@2.0.0 want: ^1.0.0
469 silly fetch manifest content-type@^2.1.0
470 silly packumentCache full:https://registry.npmjs.org/content-type cache-hit
471 silly placeDep ROOT bytes@3.1.2 OK for: body-parser@2.3.0 want: ^3.1.2
472 silly placeDep node_modules/body-parser content-type@2.1.0 OK for: body-parser@2.3.0 want: ^2.0.0
473 silly placeDep node_modules/body-parser iconv-lite@0.7.3 OK for: body-parser@2.3.0 want: ^0.7.2
474 silly placeDep ROOT raw-body@3.0.2 OK for: body-parser@2.3.0 want: ^3.0.2
475 silly fetch manifest unpipe@~1.0.0
476 silly packumentCache full:https://registry.npmjs.org/unpipe cache-miss
477 silly fetch manifest iconv-lite@~0.7.0
478 silly packumentCache full:https://registry.npmjs.org/iconv-lite cache-hit
479 http fetch GET 200 https://registry.npmjs.org/unpipe 255ms (cache miss)
480 silly packumentCache full:https://registry.npmjs.org/unpipe set size:undefined disposed:false
481 silly placeDep ROOT ms@2.1.3 OK for: debug@4.4.3 want: ^2.1.3
482 silly placeDep ROOT asynckit@0.4.0 OK for: form-data@4.0.6 want: ^0.4.0
483 silly placeDep ROOT combined-stream@1.0.8 OK for: form-data@4.0.6 want: ^1.0.8
484 silly placeDep ROOT es-set-tostringtag@2.1.0 OK for: form-data@4.0.6 want: ^2.1.0
485 silly placeDep ROOT hasown@2.0.4 OK for: form-data@4.0.6 want: ^2.0.4
486 silly placeDep node_modules/form-data mime-types@2.1.35 OK for: form-data@4.0.6 want: ^2.1.35
487 silly fetch manifest delayed-stream@~1.0.0
488 silly packumentCache full:https://registry.npmjs.org/delayed-stream cache-miss
489 silly fetch manifest es-errors@^1.3.0
490 silly packumentCache full:https://registry.npmjs.org/es-errors cache-miss
491 silly fetch manifest get-intrinsic@^1.2.6
492 silly packumentCache full:https://registry.npmjs.org/get-intrinsic cache-miss
493 silly fetch manifest has-tostringtag@^1.0.2
494 silly packumentCache full:https://registry.npmjs.org/has-tostringtag cache-miss
495 silly fetch manifest hasown@^2.0.2
496 silly packumentCache full:https://registry.npmjs.org/hasown cache-miss
497 silly fetch manifest function-bind@^1.1.2
498 silly packumentCache full:https://registry.npmjs.org/function-bind cache-miss
499 silly fetch manifest mime-db@1.52.0
500 silly packumentCache full:https://registry.npmjs.org/mime-db cache-miss
501 http cache https://registry.npmjs.org/hasown 36ms (cache hit)
502 silly packumentCache full:https://registry.npmjs.org/hasown set size:18361 disposed:false
503 http cache https://registry.npmjs.org/mime-db 38ms (cache hit)
504 silly packumentCache full:https://registry.npmjs.org/mime-db set size:164953 disposed:false
505 http fetch GET 200 https://registry.npmjs.org/delayed-stream 163ms (cache miss)
506 silly packumentCache full:https://registry.npmjs.org/delayed-stream set size:undefined disposed:false
507 http fetch GET 200 https://registry.npmjs.org/has-tostringtag 294ms (cache miss)
508 silly packumentCache full:https://registry.npmjs.org/has-tostringtag set size:undefined disposed:false
509 http fetch GET 200 https://registry.npmjs.org/es-errors 305ms (cache miss)
510 silly packumentCache full:https://registry.npmjs.org/es-errors set size:undefined disposed:false
511 http fetch GET 200 https://registry.npmjs.org/function-bind 328ms (cache miss)
512 silly packumentCache full:https://registry.npmjs.org/function-bind set size:undefined disposed:false
513 http fetch GET 200 https://registry.npmjs.org/get-intrinsic 438ms (cache miss)
514 silly packumentCache full:https://registry.npmjs.org/get-intrinsic set size:undefined disposed:false
515 silly placeDep ROOT delayed-stream@1.0.0 OK for: combined-stream@1.0.8 want: ~1.0.0
516 silly placeDep ROOT es-errors@1.3.0 OK for: es-set-tostringtag@2.1.0 want: ^1.3.0
517 silly placeDep ROOT get-intrinsic@1.3.0 OK for: es-set-tostringtag@2.1.0 want: ^1.2.6
518 silly placeDep ROOT has-tostringtag@1.0.2 OK for: es-set-tostringtag@2.1.0 want: ^1.0.2
519 silly fetch manifest gopd@^1.2.0
520 silly packumentCache full:https://registry.npmjs.org/gopd cache-miss
521 silly fetch manifest get-proto@^1.0.1
522 silly packumentCache full:https://registry.npmjs.org/get-proto cache-miss
523 silly fetch manifest has-symbols@^1.1.0
524 silly packumentCache full:https://registry.npmjs.org/has-symbols cache-miss
525 silly fetch manifest es-object-atoms@^1.1.1
526 silly packumentCache full:https://registry.npmjs.org/es-object-atoms cache-miss
527 silly fetch manifest math-intrinsics@^1.1.0
528 silly packumentCache full:https://registry.npmjs.org/math-intrinsics cache-miss
529 silly fetch manifest call-bind-apply-helpers@^1.0.2
530 silly packumentCache full:https://registry.npmjs.org/call-bind-apply-helpers cache-miss
531 silly fetch manifest has-symbols@^1.0.3
532 silly packumentCache full:https://registry.npmjs.org/has-symbols cache-miss
533 http fetch GET 200 https://registry.npmjs.org/gopd 294ms (cache miss)
534 silly packumentCache full:https://registry.npmjs.org/gopd set size:undefined disposed:false
535 http fetch GET 200 https://registry.npmjs.org/get-proto 298ms (cache miss)
536 silly packumentCache full:https://registry.npmjs.org/get-proto set size:undefined disposed:false
537 http fetch GET 200 https://registry.npmjs.org/math-intrinsics 300ms (cache miss)
538 silly packumentCache full:https://registry.npmjs.org/math-intrinsics set size:undefined disposed:false
539 http fetch GET 200 https://registry.npmjs.org/has-symbols 327ms (cache miss)
540 silly packumentCache full:https://registry.npmjs.org/has-symbols set size:undefined disposed:false
541 http fetch GET 200 https://registry.npmjs.org/es-object-atoms 388ms (cache miss)
542 silly packumentCache full:https://registry.npmjs.org/es-object-atoms set size:undefined disposed:false
543 http fetch GET 200 https://registry.npmjs.org/has-symbols 384ms (cache miss)
544 silly packumentCache full:https://registry.npmjs.org/has-symbols set size:undefined disposed:false
545 http fetch GET 200 https://registry.npmjs.org/call-bind-apply-helpers 390ms (cache miss)
546 silly packumentCache full:https://registry.npmjs.org/call-bind-apply-helpers set size:undefined disposed:false
547 silly placeDep ROOT call-bind-apply-helpers@1.0.2 OK for: get-intrinsic@1.3.0 want: ^1.0.2
548 silly placeDep ROOT es-define-property@1.0.1 OK for: get-intrinsic@1.3.0 want: ^1.0.1
549 silly placeDep ROOT es-object-atoms@1.1.2 OK for: get-intrinsic@1.3.0 want: ^1.1.1
550 silly placeDep ROOT function-bind@1.1.2 OK for: get-intrinsic@1.3.0 want: ^1.1.2
551 silly placeDep ROOT get-proto@1.0.1 OK for: get-intrinsic@1.3.0 want: ^1.0.1
552 silly placeDep ROOT gopd@1.2.0 OK for: get-intrinsic@1.3.0 want: ^1.2.0
553 silly placeDep ROOT has-symbols@1.1.0 OK for: get-intrinsic@1.3.0 want: ^1.1.0
554 silly placeDep ROOT math-intrinsics@1.1.0 OK for: get-intrinsic@1.3.0 want: ^1.1.0
555 silly fetch manifest dunder-proto@^1.0.1
556 silly packumentCache full:https://registry.npmjs.org/dunder-proto cache-miss
557 http fetch GET 200 https://registry.npmjs.org/dunder-proto 284ms (cache miss)
558 silly packumentCache full:https://registry.npmjs.org/dunder-proto set size:undefined disposed:false
559 silly placeDep ROOT dunder-proto@1.0.1 OK for: get-proto@1.0.1 want: ^1.0.1
560 silly placeDep node_modules/htmlparser2 entities@7.0.1 OK for: htmlparser2@10.1.0 want: ^7.0.1
561 silly placeDep ROOT inherits@2.0.4 OK for: http-errors@2.0.1 want: ~2.0.4
562 silly placeDep ROOT setprototypeof@1.2.0 OK for: http-errors@2.0.1 want: ~1.2.0
563 silly placeDep ROOT toidentifier@1.0.1 OK for: http-errors@2.0.1 want: ~1.0.1
564 silly placeDep ROOT agent-base@6.0.2 OK for: https-proxy-agent@5.0.1 want: 6
565 silly placeDep ROOT safer-buffer@2.1.2 OK for: iconv-lite@0.6.3 want: >= 2.1.2 < 3.0.0
566 silly placeDep ROOT mime-db@1.54.0 OK for: mime-types@3.0.2 want: ^1.54.0
567 silly placeDep node_modules/negotiator content-type@2.1.0 OK for: negotiator@1.1.0 want: ^2.1.0
568 silly placeDep ROOT ee-first@1.1.1 OK for: on-finished@2.4.1 want: 1.1.1
569 silly placeDep ROOT wrappy@1.0.2 OK for: once@1.4.0 want: 1
570 silly placeDep node_modules/parse5 entities@6.0.1 OK for: parse5@7.3.0 want: ^6.0.0
571 silly placeDep ROOT forwarded@0.2.0 OK for: proxy-addr@2.0.7 want: 0.2.0
572 silly placeDep ROOT ipaddr.js@1.9.1 OK for: proxy-addr@2.0.7 want: 1.9.1
573 silly placeDep ROOT side-channel@1.1.1 OK for: qs@6.15.3 want: ^1.1.1
574 silly fetch manifest object-inspect@^1.13.4
575 silly packumentCache full:https://registry.npmjs.org/object-inspect cache-miss
576 silly fetch manifest side-channel-list@^1.0.1
577 silly packumentCache full:https://registry.npmjs.org/side-channel-list cache-miss
578 silly fetch manifest side-channel-map@^1.0.1
579 silly packumentCache full:https://registry.npmjs.org/side-channel-map cache-miss
580 silly fetch manifest side-channel-weakmap@^1.0.2
581 silly packumentCache full:https://registry.npmjs.org/side-channel-weakmap cache-miss
582 http fetch GET 200 https://registry.npmjs.org/object-inspect 374ms (cache miss)
583 silly packumentCache full:https://registry.npmjs.org/object-inspect set size:undefined disposed:false
584 http fetch GET 200 https://registry.npmjs.org/side-channel-weakmap 396ms (cache miss)
585 silly packumentCache full:https://registry.npmjs.org/side-channel-weakmap set size:undefined disposed:false
586 http fetch GET 200 https://registry.npmjs.org/side-channel-list 420ms (cache miss)
587 silly packumentCache full:https://registry.npmjs.org/side-channel-list set size:undefined disposed:false
588 http fetch GET 200 https://registry.npmjs.org/side-channel-map 551ms (cache miss)
589 silly packumentCache full:https://registry.npmjs.org/side-channel-map set size:undefined disposed:false
590 silly placeDep node_modules/raw-body iconv-lite@0.7.3 OK for: raw-body@3.0.2 want: ~0.7.0
591 silly placeDep ROOT unpipe@1.0.0 OK for: raw-body@3.0.2 want: ~1.0.0
592 silly placeDep ROOT is-promise@4.0.0 OK for: router@2.2.0 want: ^4.0.0
593 silly placeDep ROOT path-to-regexp@8.4.2 OK for: router@2.2.0 want: ^8.0.0
594 silly placeDep ROOT object-inspect@1.13.4 OK for: side-channel@1.1.1 want: ^1.13.4
595 silly placeDep ROOT side-channel-list@1.0.1 OK for: side-channel@1.1.1 want: ^1.0.1
596 silly placeDep ROOT side-channel-map@1.0.1 OK for: side-channel@1.1.1 want: ^1.0.1
597 silly placeDep ROOT side-channel-weakmap@1.0.2 OK for: side-channel@1.1.1 want: ^1.0.2
598 silly fetch manifest call-bound@^1.0.2
599 silly packumentCache full:https://registry.npmjs.org/call-bound cache-miss
600 silly fetch manifest call-bound@^1.0.2
601 silly packumentCache full:https://registry.npmjs.org/call-bound cache-miss
602 http fetch GET 200 https://registry.npmjs.org/call-bound 383ms (cache miss)
603 silly packumentCache full:https://registry.npmjs.org/call-bound set size:undefined disposed:false
604 http fetch GET 200 https://registry.npmjs.org/call-bound 420ms (cache miss)
605 silly packumentCache full:https://registry.npmjs.org/call-bound set size:undefined disposed:false
606 silly placeDep ROOT call-bound@1.0.4 OK for: side-channel-map@1.0.1 want: ^1.0.2
607 silly placeDep node_modules/type-is content-type@2.1.0 OK for: type-is@2.1.0 want: ^2.0.0
608 silly placeDep ROOT media-typer@1.1.1 OK for: type-is@2.1.0 want: ^1.1.0
609 silly placeDep node_modules/form-data mime-db@1.52.0 OK for: mime-types@2.1.35 want: 1.52.0
610 silly reify moves {}
611 silly audit bulk request {
611 silly audit   axios: [ '1.20.0' ],
611 silly audit   cheerio: [ '1.2.0' ],
611 silly audit   cors: [ '2.8.6' ],
611 silly audit   express: [ '5.2.1' ],
611 silly audit   ws: [ '8.21.3' ],
611 silly audit   'follow-redirects': [ '1.16.0' ],
611 silly audit   'form-data': [ '4.0.6' ],
611 silly audit   'https-proxy-agent': [ '5.0.1' ],
611 silly audit   'proxy-from-env': [ '2.1.0' ],
611 silly audit   'cheerio-select': [ '2.1.0' ],
611 silly audit   'dom-serializer': [ '2.0.0' ],
611 silly audit   domhandler: [ '5.0.3' ],
611 silly audit   domutils: [ '3.2.2' ],
611 silly audit   'encoding-sniffer': [ '0.2.1' ],
611 silly audit   htmlparser2: [ '10.1.0' ],
611 silly audit   parse5: [ '7.3.0' ],
611 silly audit   'parse5-htmlparser2-tree-adapter': [ '7.1.0' ],
611 silly audit   'parse5-parser-stream': [ '7.1.2' ],
611 silly audit   undici: [ '7.29.0' ],
611 silly audit   'whatwg-mimetype': [ '4.0.0' ],
611 silly audit   boolbase: [ '1.0.0' ],
611 silly audit   'css-select': [ '5.2.2' ],
611 silly audit   'css-what': [ '6.2.2' ],
611 silly audit   domelementtype: [ '2.3.0' ],
611 silly audit   'object-assign': [ '4.1.1' ],
611 silly audit   vary: [ '1.1.2' ],
611 silly audit   'nth-check': [ '2.1.1' ],
611 silly audit   entities: [ '4.5.0', '7.0.1', '6.0.1' ],
611 silly audit   'iconv-lite': [ '0.6.3', '0.7.3' ],
611 silly audit   'whatwg-encoding': [ '3.1.1' ],
611 silly audit   accepts: [ '2.0.0' ],
611 silly audit   'body-parser': [ '2.3.0' ],
611 silly audit   'content-disposition': [ '1.1.0' ],
611 silly audit   'content-type': [ '1.0.5', '2.1.0' ],
611 silly audit   cookie: [ '0.7.2' ],
611 silly audit   'cookie-signature': [ '1.2.2' ],
611 silly audit   debug: [ '4.4.3' ],
611 silly audit   depd: [ '2.0.0' ],
611 silly audit   encodeurl: [ '2.0.0' ],
611 silly audit   'escape-html': [ '1.0.3' ],
611 silly audit   etag: [ '1.8.1' ],
611 silly audit   finalhandler: [ '2.1.1' ],
611 silly audit   fresh: [ '2.0.0' ],
611 silly audit   'http-errors': [ '2.0.1' ],
611 silly audit   'merge-descriptors': [ '2.0.0' ],
611 silly audit   'mime-types': [ '3.0.2', '2.1.35' ],
611 silly audit   'on-finished': [ '2.4.1' ],
611 silly audit   once: [ '1.4.0' ],
611 silly audit   parseurl: [ '1.3.3' ],
611 silly audit   'proxy-addr': [ '2.0.7' ],
611 silly audit   qs: [ '6.15.3' ],
611 silly audit   'range-parser': [ '1.3.0' ],
611 silly audit   router: [ '2.2.0' ],
611 silly audit   send: [ '1.2.1' ],
611 silly audit   'serve-static': [ '2.2.1' ],
611 silly audit   statuses: [ '2.0.2' ],
611 silly audit   'type-is': [ '2.1.0' ],
611 silly audit   negotiator: [ '1.1.0' ],
611 silly audit   bytes: [ '3.1.2' ],
611 silly audit   'raw-body': [ '3.0.2' ],
611 silly audit   ms: [ '2.1.3' ],
611 silly audit   asynckit: [ '0.4.0' ],
611 silly audit   'combined-stream': [ '1.0.8' ],
611 silly audit   'es-set-tostringtag': [ '2.1.0' ],
611 silly audit   hasown: [ '2.0.4' ],
611 silly audit   'delayed-stream': [ '1.0.0' ],
611 silly audit   'es-errors': [ '1.3.0' ],
611 silly audit   'get-intrinsic': [ '1.3.0' ],
611 silly audit   'has-tostringtag': [ '1.0.2' ],
611 silly audit   'call-bind-apply-helpers': [ '1.0.2' ],
611 silly audit   'es-define-property': [ '1.0.1' ],
611 silly audit   'es-object-atoms': [ '1.1.2' ],
611 silly audit   'function-bind': [ '1.1.2' ],
611 silly audit   'get-proto': [ '1.0.1' ],
611 silly audit   gopd: [ '1.2.0' ],
611 silly audit   'has-symbols': [ '1.1.0' ],
611 silly audit   'math-intrinsics': [ '1.1.0' ],
611 silly audit   'dunder-proto': [ '1.0.1' ],
611 silly audit   inherits: [ '2.0.4' ],
611 silly audit   setprototypeof: [ '1.2.0' ],
611 silly audit   toidentifier: [ '1.0.1' ],
611 silly audit   'agent-base': [ '6.0.2' ],
611 silly audit   'safer-buffer': [ '2.1.2' ],
611 silly audit   'mime-db': [ '1.54.0', '1.52.0' ],
611 silly audit   'ee-first': [ '1.1.1' ],
611 silly audit   wrappy: [ '1.0.2' ],
611 silly audit   forwarded: [ '0.2.0' ],
611 silly audit   'ipaddr.js': [ '1.9.1' ],
611 silly audit   'side-channel': [ '1.1.1' ],
611 silly audit   unpipe: [ '1.0.0' ],
611 silly audit   'is-promise': [ '4.0.0' ],
611 silly audit   'path-to-regexp': [ '8.4.2' ],
611 silly audit   'object-inspect': [ '1.13.4' ],
611 silly audit   'side-channel-list': [ '1.0.1' ],
611 silly audit   'side-channel-map': [ '1.0.1' ],
611 silly audit   'side-channel-weakmap': [ '1.0.2' ],
611 silly audit   'call-bound': [ '1.0.4' ],
611 silly audit   'media-typer': [ '1.1.1' ]
611 silly audit }
612 http cache call-bound@https://registry.npmjs.org/call-bound/-/call-bound-1.0.4.tgz 0ms (cache hit)
613 http cache side-channel-weakmap@https://registry.npmjs.org/side-channel-weakmap/-/side-channel-weakmap-1.0.2.tgz 0ms (cache hit)
614 http cache media-typer@https://registry.npmjs.org/media-typer/-/media-typer-1.1.1.tgz 0ms (cache hit)
615 http cache side-channel-map@https://registry.npmjs.org/side-channel-map/-/side-channel-map-1.0.1.tgz 0ms (cache hit)
616 http cache side-channel-list@https://registry.npmjs.org/side-channel-list/-/side-channel-list-1.0.1.tgz 0ms (cache hit)
617 http cache object-inspect@https://registry.npmjs.org/object-inspect/-/object-inspect-1.13.4.tgz 0ms (cache hit)
618 http cache is-promise@https://registry.npmjs.org/is-promise/-/is-promise-4.0.0.tgz 0ms (cache hit)
619 http cache path-to-regexp@https://registry.npmjs.org/path-to-regexp/-/path-to-regexp-8.4.2.tgz 0ms (cache hit)
620 http cache unpipe@https://registry.npmjs.org/unpipe/-/unpipe-1.0.0.tgz 0ms (cache hit)
621 http cache side-channel@https://registry.npmjs.org/side-channel/-/side-channel-1.1.1.tgz 1ms (cache hit)
622 http cache ipaddr.js@https://registry.npmjs.org/ipaddr.js/-/ipaddr.js-1.9.1.tgz 0ms (cache hit)
623 http cache wrappy@https://registry.npmjs.org/wrappy/-/wrappy-1.0.2.tgz 0ms (cache hit)
624 http cache ee-first@https://registry.npmjs.org/ee-first/-/ee-first-1.1.1.tgz 0ms (cache hit)
625 http cache mime-db@https://registry.npmjs.org/mime-db/-/mime-db-1.54.0.tgz 0ms (cache hit)
626 http cache safer-buffer@https://registry.npmjs.org/safer-buffer/-/safer-buffer-2.1.2.tgz 0ms (cache hit)
627 http cache agent-base@https://registry.npmjs.org/agent-base/-/agent-base-6.0.2.tgz 0ms (cache hit)
628 http cache toidentifier@https://registry.npmjs.org/toidentifier/-/toidentifier-1.0.1.tgz 0ms (cache hit)
629 http cache inherits@https://registry.npmjs.org/inherits/-/inherits-2.0.4.tgz 0ms (cache hit)
630 http cache setprototypeof@https://registry.npmjs.org/setprototypeof/-/setprototypeof-1.2.0.tgz 0ms (cache hit)
631 http cache dunder-proto@https://registry.npmjs.org/dunder-proto/-/dunder-proto-1.0.1.tgz 0ms (cache hit)
632 http cache math-intrinsics@https://registry.npmjs.org/math-intrinsics/-/math-intrinsics-1.1.0.tgz 0ms (cache hit)
633 http cache gopd@https://registry.npmjs.org/gopd/-/gopd-1.2.0.tgz 0ms (cache hit)
634 http cache has-symbols@https://registry.npmjs.org/has-symbols/-/has-symbols-1.1.0.tgz 0ms (cache hit)
635 http cache get-proto@https://registry.npmjs.org/get-proto/-/get-proto-1.0.1.tgz 0ms (cache hit)
636 http cache function-bind@https://registry.npmjs.org/function-bind/-/function-bind-1.1.2.tgz 0ms (cache hit)
637 http cache es-object-atoms@https://registry.npmjs.org/es-object-atoms/-/es-object-atoms-1.1.2.tgz 0ms (cache hit)
638 http cache forwarded@https://registry.npmjs.org/forwarded/-/forwarded-0.2.0.tgz 0ms (cache hit)
639 http cache es-define-property@https://registry.npmjs.org/es-define-property/-/es-define-property-1.0.1.tgz 0ms (cache hit)
640 http cache call-bind-apply-helpers@https://registry.npmjs.org/call-bind-apply-helpers/-/call-bind-apply-helpers-1.0.2.tgz 0ms (cache hit)
641 http cache has-tostringtag@https://registry.npmjs.org/has-tostringtag/-/has-tostringtag-1.0.2.tgz 0ms (cache hit)
642 http cache get-intrinsic@https://registry.npmjs.org/get-intrinsic/-/get-intrinsic-1.3.0.tgz 0ms (cache hit)
643 http cache delayed-stream@https://registry.npmjs.org/delayed-stream/-/delayed-stream-1.0.0.tgz 0ms (cache hit)
644 http cache hasown@https://registry.npmjs.org/hasown/-/hasown-2.0.4.tgz 0ms (cache hit)
645 http cache es-errors@https://registry.npmjs.org/es-errors/-/es-errors-1.3.0.tgz 0ms (cache hit)
646 http cache es-set-tostringtag@https://registry.npmjs.org/es-set-tostringtag/-/es-set-tostringtag-2.1.0.tgz 0ms (cache hit)
647 http cache combined-stream@https://registry.npmjs.org/combined-stream/-/combined-stream-1.0.8.tgz 0ms (cache hit)
648 http cache asynckit@https://registry.npmjs.org/asynckit/-/asynckit-0.4.0.tgz 0ms (cache hit)
649 http cache ms@https://registry.npmjs.org/ms/-/ms-2.1.3.tgz 0ms (cache hit)
650 http cache raw-body@https://registry.npmjs.org/raw-body/-/raw-body-3.0.2.tgz 0ms (cache hit)
651 http cache bytes@https://registry.npmjs.org/bytes/-/bytes-3.1.2.tgz 0ms (cache hit)
652 http cache negotiator@https://registry.npmjs.org/negotiator/-/negotiator-1.1.0.tgz 1ms (cache hit)
653 http cache type-is@https://registry.npmjs.org/type-is/-/type-is-2.1.0.tgz 0ms (cache hit)
654 http cache statuses@https://registry.npmjs.org/statuses/-/statuses-2.0.2.tgz 0ms (cache hit)
655 http cache serve-static@https://registry.npmjs.org/serve-static/-/serve-static-2.2.1.tgz 0ms (cache hit)
656 http cache send@https://registry.npmjs.org/send/-/send-1.2.1.tgz 0ms (cache hit)
657 http cache router@https://registry.npmjs.org/router/-/router-2.2.0.tgz 0ms (cache hit)
658 http cache qs@https://registry.npmjs.org/qs/-/qs-6.15.3.tgz 0ms (cache hit)
659 http cache range-parser@https://registry.npmjs.org/range-parser/-/range-parser-1.3.0.tgz 0ms (cache hit)
660 http cache proxy-addr@https://registry.npmjs.org/proxy-addr/-/proxy-addr-2.0.7.tgz 0ms (cache hit)
661 http cache parseurl@https://registry.npmjs.org/parseurl/-/parseurl-1.3.3.tgz 0ms (cache hit)
662 http cache once@https://registry.npmjs.org/once/-/once-1.4.0.tgz 0ms (cache hit)
663 http cache on-finished@https://registry.npmjs.org/on-finished/-/on-finished-2.4.1.tgz 0ms (cache hit)
664 http cache mime-types@https://registry.npmjs.org/mime-types/-/mime-types-3.0.2.tgz 0ms (cache hit)
665 http cache merge-descriptors@https://registry.npmjs.org/merge-descriptors/-/merge-descriptors-2.0.0.tgz 0ms (cache hit)
666 http cache http-errors@https://registry.npmjs.org/http-errors/-/http-errors-2.0.1.tgz 0ms (cache hit)
667 http cache fresh@https://registry.npmjs.org/fresh/-/fresh-2.0.0.tgz 0ms (cache hit)
668 http cache finalhandler@https://registry.npmjs.org/finalhandler/-/finalhandler-2.1.1.tgz 0ms (cache hit)
669 http cache etag@https://registry.npmjs.org/etag/-/etag-1.8.1.tgz 0ms (cache hit)
670 http cache escape-html@https://registry.npmjs.org/escape-html/-/escape-html-1.0.3.tgz 0ms (cache hit)
671 http cache encodeurl@https://registry.npmjs.org/encodeurl/-/encodeurl-2.0.0.tgz 0ms (cache hit)
672 http cache depd@https://registry.npmjs.org/depd/-/depd-2.0.0.tgz 0ms (cache hit)
673 http cache debug@https://registry.npmjs.org/debug/-/debug-4.4.3.tgz 0ms (cache hit)
674 http cache cookie-signature@https://registry.npmjs.org/cookie-signature/-/cookie-signature-1.2.2.tgz 0ms (cache hit)
675 http cache cookie@https://registry.npmjs.org/cookie/-/cookie-0.7.2.tgz 0ms (cache hit)
676 http cache content-type@https://registry.npmjs.org/content-type/-/content-type-1.0.5.tgz 0ms (cache hit)
677 http cache content-disposition@https://registry.npmjs.org/content-disposition/-/content-disposition-1.1.0.tgz 1ms (cache hit)
678 http cache body-parser@https://registry.npmjs.org/body-parser/-/body-parser-2.3.0.tgz 0ms (cache hit)
679 http cache accepts@https://registry.npmjs.org/accepts/-/accepts-2.0.0.tgz 0ms (cache hit)
680 http cache whatwg-encoding@https://registry.npmjs.org/whatwg-encoding/-/whatwg-encoding-3.1.1.tgz 0ms (cache hit)
681 http cache iconv-lite@https://registry.npmjs.org/iconv-lite/-/iconv-lite-0.6.3.tgz 0ms (cache hit)
682 http cache entities@https://registry.npmjs.org/entities/-/entities-4.5.0.tgz 0ms (cache hit)
683 http cache nth-check@https://registry.npmjs.org/nth-check/-/nth-check-2.1.1.tgz 0ms (cache hit)
684 http cache vary@https://registry.npmjs.org/vary/-/vary-1.1.2.tgz 0ms (cache hit)
685 http cache object-assign@https://registry.npmjs.org/object-assign/-/object-assign-4.1.1.tgz 0ms (cache hit)
686 http cache domelementtype@https://registry.npmjs.org/domelementtype/-/domelementtype-2.3.0.tgz 0ms (cache hit)
687 http cache css-what@https://registry.npmjs.org/css-what/-/css-what-6.2.2.tgz 0ms (cache hit)
688 http cache css-select@https://registry.npmjs.org/css-select/-/css-select-5.2.2.tgz 0ms (cache hit)
689 http cache boolbase@https://registry.npmjs.org/boolbase/-/boolbase-1.0.0.tgz 0ms (cache hit)
690 http cache whatwg-mimetype@https://registry.npmjs.org/whatwg-mimetype/-/whatwg-mimetype-4.0.0.tgz 0ms (cache hit)
691 http cache undici@https://registry.npmjs.org/undici/-/undici-7.29.0.tgz 0ms (cache hit)
692 http cache parse5-parser-stream@https://registry.npmjs.org/parse5-parser-stream/-/parse5-parser-stream-7.1.2.tgz 0ms (cache hit)
693 http cache parse5-htmlparser2-tree-adapter@https://registry.npmjs.org/parse5-htmlparser2-tree-adapter/-/parse5-htmlparser2-tree-adapter-7.1.0.tgz 0ms (cache hit)
694 http cache parse5@https://registry.npmjs.org/parse5/-/parse5-7.3.0.tgz 0ms (cache hit)
695 http cache htmlparser2@https://registry.npmjs.org/htmlparser2/-/htmlparser2-10.1.0.tgz 0ms (cache hit)
696 http cache encoding-sniffer@https://registry.npmjs.org/encoding-sniffer/-/encoding-sniffer-0.2.1.tgz 0ms (cache hit)
697 http cache domutils@https://registry.npmjs.org/domutils/-/domutils-3.2.2.tgz 0ms (cache hit)
698 http cache domhandler@https://registry.npmjs.org/domhandler/-/domhandler-5.0.3.tgz 0ms (cache hit)
699 http cache dom-serializer@https://registry.npmjs.org/dom-serializer/-/dom-serializer-2.0.0.tgz 0ms (cache hit)
700 http cache cheerio-select@https://registry.npmjs.org/cheerio-select/-/cheerio-select-2.1.0.tgz 0ms (cache hit)
701 http cache proxy-from-env@https://registry.npmjs.org/proxy-from-env/-/proxy-from-env-2.1.0.tgz 0ms (cache hit)
702 http cache https-proxy-agent@https://registry.npmjs.org/https-proxy-agent/-/https-proxy-agent-5.0.1.tgz 0ms (cache hit)
703 http cache form-data@https://registry.npmjs.org/form-data/-/form-data-4.0.6.tgz 1ms (cache hit)
704 http cache follow-redirects@https://registry.npmjs.org/follow-redirects/-/follow-redirects-1.16.0.tgz 0ms (cache hit)
705 http cache ws@https://registry.npmjs.org/ws/-/ws-8.21.3.tgz 0ms (cache hit)
706 http cache express@https://registry.npmjs.org/express/-/express-5.2.1.tgz 0ms (cache hit)
707 http cache cors@https://registry.npmjs.org/cors/-/cors-2.8.6.tgz 0ms (cache hit)
708 http cache cheerio@https://registry.npmjs.org/cheerio/-/cheerio-1.2.0.tgz 0ms (cache hit)
709 http cache axios@https://registry.npmjs.org/axios/-/axios-1.20.0.tgz 0ms (cache hit)
710 http cache iconv-lite@https://registry.npmjs.org/iconv-lite/-/iconv-lite-0.7.3.tgz 0ms (cache hit)
711 http cache content-type@https://registry.npmjs.org/content-type/-/content-type-2.1.0.tgz 1ms (cache hit)
712 http cache iconv-lite@https://registry.npmjs.org/iconv-lite/-/iconv-lite-0.7.3.tgz 0ms (cache hit)
713 http cache content-type@https://registry.npmjs.org/content-type/-/content-type-2.1.0.tgz 0ms (cache hit)
714 http cache content-type@https://registry.npmjs.org/content-type/-/content-type-2.1.0.tgz 0ms (cache hit)
715 http cache entities@https://registry.npmjs.org/entities/-/entities-6.0.1.tgz 0ms (cache hit)
716 http cache entities@https://registry.npmjs.org/entities/-/entities-7.0.1.tgz 0ms (cache hit)
717 http cache mime-db@https://registry.npmjs.org/mime-db/-/mime-db-1.52.0.tgz 0ms (cache hit)
718 http cache mime-types@https://registry.npmjs.org/mime-types/-/mime-types-2.1.35.tgz 0ms (cache hit)
719 silly tarball no local data for call-bound@https://registry.npmjs.org/call-bound/-/call-bound-1.0.4.tgz. Extracting by manifest.
720 silly tarball no local data for side-channel-weakmap@https://registry.npmjs.org/side-channel-weakmap/-/side-channel-weakmap-1.0.2.tgz. Extracting by manifest.
721 silly tarball no local data for media-typer@https://registry.npmjs.org/media-typer/-/media-typer-1.1.1.tgz. Extracting by manifest.
722 silly tarball no local data for side-channel-map@https://registry.npmjs.org/side-channel-map/-/side-channel-map-1.0.1.tgz. Extracting by manifest.
723 silly tarball no local data for side-channel-list@https://registry.npmjs.org/side-channel-list/-/side-channel-list-1.0.1.tgz. Extracting by manifest.
724 silly tarball no local data for object-inspect@https://registry.npmjs.org/object-inspect/-/object-inspect-1.13.4.tgz. Extracting by manifest.
725 silly tarball no local data for is-promise@https://registry.npmjs.org/is-promise/-/is-promise-4.0.0.tgz. Extracting by manifest.
726 silly tarball no local data for path-to-regexp@https://registry.npmjs.org/path-to-regexp/-/path-to-regexp-8.4.2.tgz. Extracting by manifest.
727 silly tarball no local data for unpipe@https://registry.npmjs.org/unpipe/-/unpipe-1.0.0.tgz. Extracting by manifest.
728 silly tarball no local data for side-channel@https://registry.npmjs.org/side-channel/-/side-channel-1.1.1.tgz. Extracting by manifest.
729 silly tarball no local data for ipaddr.js@https://registry.npmjs.org/ipaddr.js/-/ipaddr.js-1.9.1.tgz. Extracting by manifest.
730 silly tarball no local data for wrappy@https://registry.npmjs.org/wrappy/-/wrappy-1.0.2.tgz. Extracting by manifest.
731 silly tarball no local data for ee-first@https://registry.npmjs.org/ee-first/-/ee-first-1.1.1.tgz. Extracting by manifest.
732 silly tarball no local data for mime-db@https://registry.npmjs.org/mime-db/-/mime-db-1.54.0.tgz. Extracting by manifest.
733 silly tarball no local data for safer-buffer@https://registry.npmjs.org/safer-buffer/-/safer-buffer-2.1.2.tgz. Extracting by manifest.
734 silly tarball no local data for agent-base@https://registry.npmjs.org/agent-base/-/agent-base-6.0.2.tgz. Extracting by manifest.
735 silly tarball no local data for toidentifier@https://registry.npmjs.org/toidentifier/-/toidentifier-1.0.1.tgz. Extracting by manifest.
736 silly tarball no local data for inherits@https://registry.npmjs.org/inherits/-/inherits-2.0.4.tgz. Extracting by manifest.
737 silly tarball no local data for setprototypeof@https://registry.npmjs.org/setprototypeof/-/setprototypeof-1.2.0.tgz. Extracting by manifest.
738 silly tarball no local data for dunder-proto@https://registry.npmjs.org/dunder-proto/-/dunder-proto-1.0.1.tgz. Extracting by manifest.
739 silly tarball no local data for math-intrinsics@https://registry.npmjs.org/math-intrinsics/-/math-intrinsics-1.1.0.tgz. Extracting by manifest.
740 silly tarball no local data for gopd@https://registry.npmjs.org/gopd/-/gopd-1.2.0.tgz. Extracting by manifest.
741 silly tarball no local data for has-symbols@https://registry.npmjs.org/has-symbols/-/has-symbols-1.1.0.tgz. Extracting by manifest.
742 silly tarball no local data for get-proto@https://registry.npmjs.org/get-proto/-/get-proto-1.0.1.tgz. Extracting by manifest.
743 silly tarball no local data for function-bind@https://registry.npmjs.org/function-bind/-/function-bind-1.1.2.tgz. Extracting by manifest.
744 silly tarball no local data for es-object-atoms@https://registry.npmjs.org/es-object-atoms/-/es-object-atoms-1.1.2.tgz. Extracting by manifest.
745 silly tarball no local data for forwarded@https://registry.npmjs.org/forwarded/-/forwarded-0.2.0.tgz. Extracting by manifest.
746 silly tarball no local data for call-bind-apply-helpers@https://registry.npmjs.org/call-bind-apply-helpers/-/call-bind-apply-helpers-1.0.2.tgz. Extracting by manifest.
747 silly tarball no local data for es-define-property@https://registry.npmjs.org/es-define-property/-/es-define-property-1.0.1.tgz. Extracting by manifest.
748 silly tarball no local data for has-tostringtag@https://registry.npmjs.org/has-tostringtag/-/has-tostringtag-1.0.2.tgz. Extracting by manifest.
749 silly tarball no local data for get-intrinsic@https://registry.npmjs.org/get-intrinsic/-/get-intrinsic-1.3.0.tgz. Extracting by manifest.
750 silly tarball no local data for delayed-stream@https://registry.npmjs.org/delayed-stream/-/delayed-stream-1.0.0.tgz. Extracting by manifest.
751 silly tarball no local data for hasown@https://registry.npmjs.org/hasown/-/hasown-2.0.4.tgz. Extracting by manifest.
752 silly tarball no local data for es-errors@https://registry.npmjs.org/es-errors/-/es-errors-1.3.0.tgz. Extracting by manifest.
753 silly tarball no local data for es-set-tostringtag@https://registry.npmjs.org/es-set-tostringtag/-/es-set-tostringtag-2.1.0.tgz. Extracting by manifest.
754 silly tarball no local data for combined-stream@https://registry.npmjs.org/combined-stream/-/combined-stream-1.0.8.tgz. Extracting by manifest.
755 silly tarball no local data for asynckit@https://registry.npmjs.org/asynckit/-/asynckit-0.4.0.tgz. Extracting by manifest.
756 silly tarball no local data for ms@https://registry.npmjs.org/ms/-/ms-2.1.3.tgz. Extracting by manifest.
757 silly tarball no local data for raw-body@https://registry.npmjs.org/raw-body/-/raw-body-3.0.2.tgz. Extracting by manifest.
758 silly tarball no local data for bytes@https://registry.npmjs.org/bytes/-/bytes-3.1.2.tgz. Extracting by manifest.
759 silly tarball no local data for negotiator@https://registry.npmjs.org/negotiator/-/negotiator-1.1.0.tgz. Extracting by manifest.
760 silly tarball no local data for type-is@https://registry.npmjs.org/type-is/-/type-is-2.1.0.tgz. Extracting by manifest.
761 silly tarball no local data for statuses@https://registry.npmjs.org/statuses/-/statuses-2.0.2.tgz. Extracting by manifest.
762 silly tarball no local data for serve-static@https://registry.npmjs.org/serve-static/-/serve-static-2.2.1.tgz. Extracting by manifest.
763 silly tarball no local data for send@https://registry.npmjs.org/send/-/send-1.2.1.tgz. Extracting by manifest.
764 silly tarball no local data for router@https://registry.npmjs.org/router/-/router-2.2.0.tgz. Extracting by manifest.
765 silly tarball no local data for qs@https://registry.npmjs.org/qs/-/qs-6.15.3.tgz. Extracting by manifest.
766 silly tarball no local data for range-parser@https://registry.npmjs.org/range-parser/-/range-parser-1.3.0.tgz. Extracting by manifest.
767 silly tarball no local data for proxy-addr@https://registry.npmjs.org/proxy-addr/-/proxy-addr-2.0.7.tgz. Extracting by manifest.
768 silly tarball no local data for parseurl@https://registry.npmjs.org/parseurl/-/parseurl-1.3.3.tgz. Extracting by manifest.
769 silly tarball no local data for once@https://registry.npmjs.org/once/-/once-1.4.0.tgz. Extracting by manifest.
770 silly tarball no local data for on-finished@https://registry.npmjs.org/on-finished/-/on-finished-2.4.1.tgz. Extracting by manifest.
771 silly tarball no local data for mime-types@https://registry.npmjs.org/mime-types/-/mime-types-3.0.2.tgz. Extracting by manifest.
772 silly tarball no local data for merge-descriptors@https://registry.npmjs.org/merge-descriptors/-/merge-descriptors-2.0.0.tgz. Extracting by manifest.
773 silly tarball no local data for http-errors@https://registry.npmjs.org/http-errors/-/http-errors-2.0.1.tgz. Extracting by manifest.
774 silly tarball no local data for fresh@https://registry.npmjs.org/fresh/-/fresh-2.0.0.tgz. Extracting by manifest.
775 silly tarball no local data for finalhandler@https://registry.npmjs.org/finalhandler/-/finalhandler-2.1.1.tgz. Extracting by manifest.
776 silly tarball no local data for etag@https://registry.npmjs.org/etag/-/etag-1.8.1.tgz. Extracting by manifest.
777 silly tarball no local data for escape-html@https://registry.npmjs.org/escape-html/-/escape-html-1.0.3.tgz. Extracting by manifest.
778 silly tarball no local data for encodeurl@https://registry.npmjs.org/encodeurl/-/encodeurl-2.0.0.tgz. Extracting by manifest.
779 silly tarball no local data for depd@https://registry.npmjs.org/depd/-/depd-2.0.0.tgz. Extracting by manifest.
780 silly tarball no local data for debug@https://registry.npmjs.org/debug/-/debug-4.4.3.tgz. Extracting by manifest.
781 silly tarball no local data for cookie-signature@https://registry.npmjs.org/cookie-signature/-/cookie-signature-1.2.2.tgz. Extracting by manifest.
782 silly tarball no local data for cookie@https://registry.npmjs.org/cookie/-/cookie-0.7.2.tgz. Extracting by manifest.
783 silly tarball no local data for content-type@https://registry.npmjs.org/content-type/-/content-type-1.0.5.tgz. Extracting by manifest.
784 silly tarball no local data for content-disposition@https://registry.npmjs.org/content-disposition/-/content-disposition-1.1.0.tgz. Extracting by manifest.
785 silly tarball no local data for body-parser@https://registry.npmjs.org/body-parser/-/body-parser-2.3.0.tgz. Extracting by manifest.
786 silly tarball no local data for accepts@https://registry.npmjs.org/accepts/-/accepts-2.0.0.tgz. Extracting by manifest.
787 silly tarball no local data for whatwg-encoding@https://registry.npmjs.org/whatwg-encoding/-/whatwg-encoding-3.1.1.tgz. Extracting by manifest.
788 silly tarball no local data for iconv-lite@https://registry.npmjs.org/iconv-lite/-/iconv-lite-0.6.3.tgz. Extracting by manifest.
789 silly tarball no local data for entities@https://registry.npmjs.org/entities/-/entities-4.5.0.tgz. Extracting by manifest.
790 silly tarball no local data for nth-check@https://registry.npmjs.org/nth-check/-/nth-check-2.1.1.tgz. Extracting by manifest.
791 silly tarball no local data for vary@https://registry.npmjs.org/vary/-/vary-1.1.2.tgz. Extracting by manifest.
792 silly tarball no local data for object-assign@https://registry.npmjs.org/object-assign/-/object-assign-4.1.1.tgz. Extracting by manifest.
793 silly tarball no local data for domelementtype@https://registry.npmjs.org/domelementtype/-/domelementtype-2.3.0.tgz. Extracting by manifest.
794 silly tarball no local data for css-what@https://registry.npmjs.org/css-what/-/css-what-6.2.2.tgz. Extracting by manifest.
795 silly tarball no local data for css-select@https://registry.npmjs.org/css-select/-/css-select-5.2.2.tgz. Extracting by manifest.
796 silly tarball no local data for boolbase@https://registry.npmjs.org/boolbase/-/boolbase-1.0.0.tgz. Extracting by manifest.
797 silly tarball no local data for whatwg-mimetype@https://registry.npmjs.org/whatwg-mimetype/-/whatwg-mimetype-4.0.0.tgz. Extracting by manifest.
798 silly tarball no local data for undici@https://registry.npmjs.org/undici/-/undici-7.29.0.tgz. Extracting by manifest.
799 silly tarball no local data for parse5-parser-stream@https://registry.npmjs.org/parse5-parser-stream/-/parse5-parser-stream-7.1.2.tgz. Extracting by manifest.
800 silly tarball no local data for parse5-htmlparser2-tree-adapter@https://registry.npmjs.org/parse5-htmlparser2-tree-adapter/-/parse5-htmlparser2-tree-adapter-7.1.0.tgz. Extracting by manifest.
801 silly tarball no local data for parse5@https://registry.npmjs.org/parse5/-/parse5-7.3.0.tgz. Extracting by manifest.
802 silly tarball no local data for htmlparser2@https://registry.npmjs.org/htmlparser2/-/htmlparser2-10.1.0.tgz. Extracting by manifest.
803 silly tarball no local data for encoding-sniffer@https://registry.npmjs.org/encoding-sniffer/-/encoding-sniffer-0.2.1.tgz. Extracting by manifest.
804 silly tarball no local data for domutils@https://registry.npmjs.org/domutils/-/domutils-3.2.2.tgz. Extracting by manifest.
805 silly tarball no local data for domhandler@https://registry.npmjs.org/domhandler/-/domhandler-5.0.3.tgz. Extracting by manifest.
806 silly tarball no local data for dom-serializer@https://registry.npmjs.org/dom-serializer/-/dom-serializer-2.0.0.tgz. Extracting by manifest.
807 silly tarball no local data for cheerio-select@https://registry.npmjs.org/cheerio-select/-/cheerio-select-2.1.0.tgz. Extracting by manifest.
808 silly tarball no local data for proxy-from-env@https://registry.npmjs.org/proxy-from-env/-/proxy-from-env-2.1.0.tgz. Extracting by manifest.
809 silly tarball no local data for https-proxy-agent@https://registry.npmjs.org/https-proxy-agent/-/https-proxy-agent-5.0.1.tgz. Extracting by manifest.
810 silly tarball no local data for form-data@https://registry.npmjs.org/form-data/-/form-data-4.0.6.tgz. Extracting by manifest.
811 silly tarball no local data for follow-redirects@https://registry.npmjs.org/follow-redirects/-/follow-redirects-1.16.0.tgz. Extracting by manifest.
812 silly tarball no local data for ws@https://registry.npmjs.org/ws/-/ws-8.21.3.tgz. Extracting by manifest.
813 silly tarball no local data for express@https://registry.npmjs.org/express/-/express-5.2.1.tgz. Extracting by manifest.
814 silly tarball no local data for cheerio@https://registry.npmjs.org/cheerio/-/cheerio-1.2.0.tgz. Extracting by manifest.
815 silly tarball no local data for cors@https://registry.npmjs.org/cors/-/cors-2.8.6.tgz. Extracting by manifest.
816 silly tarball no local data for axios@https://registry.npmjs.org/axios/-/axios-1.20.0.tgz. Extracting by manifest.
817 silly tarball no local data for iconv-lite@https://registry.npmjs.org/iconv-lite/-/iconv-lite-0.7.3.tgz. Extracting by manifest.
818 silly tarball no local data for content-type@https://registry.npmjs.org/content-type/-/content-type-2.1.0.tgz. Extracting by manifest.
819 silly tarball no local data for iconv-lite@https://registry.npmjs.org/iconv-lite/-/iconv-lite-0.7.3.tgz. Extracting by manifest.
820 silly tarball no local data for content-type@https://registry.npmjs.org/content-type/-/content-type-2.1.0.tgz. Extracting by manifest.
821 silly tarball no local data for content-type@https://registry.npmjs.org/content-type/-/content-type-2.1.0.tgz. Extracting by manifest.
822 silly tarball no local data for entities@https://registry.npmjs.org/entities/-/entities-6.0.1.tgz. Extracting by manifest.
823 silly tarball no local data for entities@https://registry.npmjs.org/entities/-/entities-7.0.1.tgz. Extracting by manifest.
824 silly tarball no local data for mime-db@https://registry.npmjs.org/mime-db/-/mime-db-1.52.0.tgz. Extracting by manifest.
825 silly tarball no local data for mime-types@https://registry.npmjs.org/mime-types/-/mime-types-2.1.35.tgz. Extracting by manifest.
826 http fetch POST 200 https://registry.npmjs.org/-/npm/v1/security/advisories/bulk 1297ms
827 silly audit report {}
828 http fetch GET 200 https://registry.npmjs.org/call-bound/-/call-bound-1.0.4.tgz 1301ms (cache miss)
829 http fetch GET 200 https://registry.npmjs.org/side-channel-weakmap/-/side-channel-weakmap-1.0.2.tgz 1495ms (cache miss)
830 http fetch GET 200 https://registry.npmjs.org/side-channel-list/-/side-channel-list-1.0.1.tgz 1491ms (cache miss)
831 http fetch GET 200 https://registry.npmjs.org/safer-buffer/-/safer-buffer-2.1.2.tgz 1443ms (cache miss)
832 http fetch GET 200 https://registry.npmjs.org/media-typer/-/media-typer-1.1.1.tgz 1535ms (cache miss)
833 http fetch GET 200 https://registry.npmjs.org/toidentifier/-/toidentifier-1.0.1.tgz 1477ms (cache miss)
834 http fetch GET 200 https://registry.npmjs.org/math-intrinsics/-/math-intrinsics-1.1.0.tgz 1539ms (cache miss)
835 http fetch GET 200 https://registry.npmjs.org/side-channel-map/-/side-channel-map-1.0.1.tgz 1693ms (cache miss)
836 http fetch GET 200 https://registry.npmjs.org/inherits/-/inherits-2.0.4.tgz 1633ms (cache miss)
837 http fetch GET 200 https://registry.npmjs.org/setprototypeof/-/setprototypeof-1.2.0.tgz 1742ms (cache miss)
838 http fetch GET 200 https://registry.npmjs.org/gopd/-/gopd-1.2.0.tgz 1735ms (cache miss)
839 http fetch GET 200 https://registry.npmjs.org/has-symbols/-/has-symbols-1.1.0.tgz 1734ms (cache miss)
840 http fetch GET 200 https://registry.npmjs.org/get-proto/-/get-proto-1.0.1.tgz 1830ms (cache miss)
841 http fetch GET 200 https://registry.npmjs.org/forwarded/-/forwarded-0.2.0.tgz 1859ms (cache miss)
842 http fetch GET 200 https://registry.npmjs.org/es-object-atoms/-/es-object-atoms-1.1.2.tgz 1873ms (cache miss)
843 http fetch GET 200 https://registry.npmjs.org/has-tostringtag/-/has-tostringtag-1.0.2.tgz 1908ms (cache miss)
844 http fetch GET 200 https://registry.npmjs.org/hasown/-/hasown-2.0.4.tgz 1938ms (cache miss)
845 http fetch GET 200 https://registry.npmjs.org/function-bind/-/function-bind-1.1.2.tgz 1997ms (cache miss)
846 http fetch GET 200 https://registry.npmjs.org/is-promise/-/is-promise-4.0.0.tgz 2072ms (cache miss)
847 http fetch GET 200 https://registry.npmjs.org/dunder-proto/-/dunder-proto-1.0.1.tgz 2021ms (cache miss)
848 http fetch GET 200 https://registry.npmjs.org/get-intrinsic/-/get-intrinsic-1.3.0.tgz 2017ms (cache miss)
849 http fetch GET 200 https://registry.npmjs.org/es-define-property/-/es-define-property-1.0.1.tgz 2027ms (cache miss)
850 http fetch GET 200 https://registry.npmjs.org/wrappy/-/wrappy-1.0.2.tgz 2078ms (cache miss)
851 http fetch GET 200 https://registry.npmjs.org/es-set-tostringtag/-/es-set-tostringtag-2.1.0.tgz 2013ms (cache miss)
852 http fetch GET 200 https://registry.npmjs.org/combined-stream/-/combined-stream-1.0.8.tgz 2013ms (cache miss)
853 http fetch GET 200 https://registry.npmjs.org/raw-body/-/raw-body-3.0.2.tgz 2007ms (cache miss)
854 http fetch GET 200 https://registry.npmjs.org/send/-/send-1.2.1.tgz 1992ms (cache miss)
855 http fetch GET 200 https://registry.npmjs.org/delayed-stream/-/delayed-stream-1.0.0.tgz 2056ms (cache miss)
856 http fetch GET 200 https://registry.npmjs.org/asynckit/-/asynckit-0.4.0.tgz 2098ms (cache miss)
857 http fetch GET 200 https://registry.npmjs.org/ee-first/-/ee-first-1.1.1.tgz 2168ms (cache miss)
858 http fetch GET 200 https://registry.npmjs.org/router/-/router-2.2.0.tgz 2103ms (cache miss)
859 http fetch GET 200 https://registry.npmjs.org/unpipe/-/unpipe-1.0.0.tgz 2235ms (cache miss)
860 http fetch GET 200 https://registry.npmjs.org/once/-/once-1.4.0.tgz 2096ms (cache miss)
861 http fetch GET 200 https://registry.npmjs.org/bytes/-/bytes-3.1.2.tgz 2129ms (cache miss)
862 http fetch GET 200 https://registry.npmjs.org/finalhandler/-/finalhandler-2.1.1.tgz 2086ms (cache miss)
863 http fetch GET 200 https://registry.npmjs.org/fresh/-/fresh-2.0.0.tgz 2091ms (cache miss)
864 http fetch GET 200 https://registry.npmjs.org/ms/-/ms-2.1.3.tgz 2167ms (cache miss)
865 http fetch GET 200 https://registry.npmjs.org/statuses/-/statuses-2.0.2.tgz 2156ms (cache miss)
866 http fetch GET 200 https://registry.npmjs.org/range-parser/-/range-parser-1.3.0.tgz 2145ms (cache miss)
867 http fetch GET 200 https://registry.npmjs.org/type-is/-/type-is-2.1.0.tgz 2164ms (cache miss)
868 http fetch GET 200 https://registry.npmjs.org/serve-static/-/serve-static-2.2.1.tgz 2186ms (cache miss)
869 http fetch GET 200 https://registry.npmjs.org/proxy-addr/-/proxy-addr-2.0.7.tgz 2175ms (cache miss)
870 http fetch GET 200 https://registry.npmjs.org/parseurl/-/parseurl-1.3.3.tgz 2174ms (cache miss)
871 http fetch GET 200 https://registry.npmjs.org/merge-descriptors/-/merge-descriptors-2.0.0.tgz 2181ms (cache miss)
872 http fetch GET 200 https://registry.npmjs.org/on-finished/-/on-finished-2.4.1.tgz 2207ms (cache miss)
873 http fetch GET 200 https://registry.npmjs.org/etag/-/etag-1.8.1.tgz 2193ms (cache miss)
874 http fetch GET 200 https://registry.npmjs.org/call-bind-apply-helpers/-/call-bind-apply-helpers-1.0.2.tgz 2291ms (cache miss)
875 http fetch GET 200 https://registry.npmjs.org/negotiator/-/negotiator-1.1.0.tgz 2257ms (cache miss)
876 http fetch GET 200 https://registry.npmjs.org/whatwg-encoding/-/whatwg-encoding-3.1.1.tgz 2191ms (cache miss)
877 http fetch GET 200 https://registry.npmjs.org/http-errors/-/http-errors-2.0.1.tgz 2233ms (cache miss)
878 http fetch GET 200 https://registry.npmjs.org/es-errors/-/es-errors-1.3.0.tgz 2304ms (cache miss)
879 http fetch GET 200 https://registry.npmjs.org/accepts/-/accepts-2.0.0.tgz 2212ms (cache miss)
880 warn deprecated whatwg-encoding@3.1.1: Use @exodus/bytes instead for a more spec-conformant and faster implementation
881 http fetch GET 200 https://registry.npmjs.org/side-channel/-/side-channel-1.1.1.tgz 2414ms (cache miss)
882 http fetch GET 200 https://registry.npmjs.org/agent-base/-/agent-base-6.0.2.tgz 2381ms (cache miss)
883 http fetch GET 200 https://registry.npmjs.org/ipaddr.js/-/ipaddr.js-1.9.1.tgz 2406ms (cache miss)
884 http fetch GET 200 https://registry.npmjs.org/mime-types/-/mime-types-3.0.2.tgz 2288ms (cache miss)
885 http fetch GET 200 https://registry.npmjs.org/object-assign/-/object-assign-4.1.1.tgz 2241ms (cache miss)
886 http fetch GET 200 https://registry.npmjs.org/vary/-/vary-1.1.2.tgz 2252ms (cache miss)
887 http fetch GET 200 https://registry.npmjs.org/debug/-/debug-4.4.3.tgz 2286ms (cache miss)
888 http fetch GET 200 https://registry.npmjs.org/escape-html/-/escape-html-1.0.3.tgz 2296ms (cache miss)
889 http fetch GET 200 https://registry.npmjs.org/encodeurl/-/encodeurl-2.0.0.tgz 2322ms (cache miss)
890 http fetch GET 200 https://registry.npmjs.org/boolbase/-/boolbase-1.0.0.tgz 2275ms (cache miss)
891 http fetch GET 200 https://registry.npmjs.org/parse5-htmlparser2-tree-adapter/-/parse5-htmlparser2-tree-adapter-7.1.0.tgz 2289ms (cache miss)
892 http fetch GET 200 https://registry.npmjs.org/cookie-signature/-/cookie-signature-1.2.2.tgz 2351ms (cache miss)
893 http fetch GET 200 https://registry.npmjs.org/path-to-regexp/-/path-to-regexp-8.4.2.tgz 2541ms (cache miss)
894 http fetch GET 200 https://registry.npmjs.org/mime-db/-/mime-db-1.54.0.tgz 2538ms (cache miss)
895 http fetch GET 200 https://registry.npmjs.org/content-type/-/content-type-1.0.5.tgz 2488ms (cache miss)
896 http fetch GET 200 https://registry.npmjs.org/depd/-/depd-2.0.0.tgz 2506ms (cache miss)
897 http fetch GET 200 https://registry.npmjs.org/domelementtype/-/domelementtype-2.3.0.tgz 2486ms (cache miss)
898 http fetch GET 200 https://registry.npmjs.org/parse5-parser-stream/-/parse5-parser-stream-7.1.2.tgz 2473ms (cache miss)
899 http fetch GET 200 https://registry.npmjs.org/whatwg-mimetype/-/whatwg-mimetype-4.0.0.tgz 2516ms (cache miss)
900 http fetch GET 200 https://registry.npmjs.org/form-data/-/form-data-4.0.6.tgz 2510ms (cache miss)
901 http fetch GET 200 https://registry.npmjs.org/follow-redirects/-/follow-redirects-1.16.0.tgz 2514ms (cache miss)
902 http fetch GET 200 https://registry.npmjs.org/proxy-from-env/-/proxy-from-env-2.1.0.tgz 2541ms (cache miss)
903 http fetch GET 200 https://registry.npmjs.org/https-proxy-agent/-/https-proxy-agent-5.0.1.tgz 2544ms (cache miss)
904 http fetch GET 200 https://registry.npmjs.org/body-parser/-/body-parser-2.3.0.tgz 2625ms (cache miss)
905 http fetch GET 200 https://registry.npmjs.org/express/-/express-5.2.1.tgz 2578ms (cache miss)
906 http fetch GET 200 https://registry.npmjs.org/qs/-/qs-6.15.3.tgz 2734ms (cache miss)
907 http fetch GET 200 https://registry.npmjs.org/object-inspect/-/object-inspect-1.13.4.tgz 2895ms (cache miss)
908 http fetch GET 200 https://registry.npmjs.org/dom-serializer/-/dom-serializer-2.0.0.tgz 2663ms (cache miss)
909 http fetch GET 200 https://registry.npmjs.org/domhandler/-/domhandler-5.0.3.tgz 2679ms (cache miss)
910 http fetch GET 200 https://registry.npmjs.org/ws/-/ws-8.21.3.tgz 2709ms (cache miss)
911 http fetch GET 200 https://registry.npmjs.org/cookie/-/cookie-0.7.2.tgz 2795ms (cache miss)
912 http fetch GET 200 https://registry.npmjs.org/content-type/-/content-type-2.1.0.tgz 3531ms (cache miss)
913 http fetch GET 200 https://registry.npmjs.org/content-type/-/content-type-2.1.0.tgz 3586ms (cache miss)
914 http fetch GET 200 https://registry.npmjs.org/content-type/-/content-type-2.1.0.tgz 3659ms (cache miss)
915 http fetch GET 200 https://registry.npmjs.org/content-disposition/-/content-disposition-1.1.0.tgz 3764ms (cache miss)
916 http fetch GET 200 https://registry.npmjs.org/cors/-/cors-2.8.6.tgz 3705ms (cache miss)
917 http fetch GET 200 https://registry.npmjs.org/encoding-sniffer/-/encoding-sniffer-0.2.1.tgz 3765ms (cache miss)
918 http fetch GET 200 https://registry.npmjs.org/cheerio-select/-/cheerio-select-2.1.0.tgz 3774ms (cache miss)
919 http fetch GET 200 https://registry.npmjs.org/mime-db/-/mime-db-1.52.0.tgz 3737ms (cache miss)
920 http fetch GET 200 https://registry.npmjs.org/css-what/-/css-what-6.2.2.tgz 3847ms (cache miss)
921 http fetch GET 200 https://registry.npmjs.org/iconv-lite/-/iconv-lite-0.6.3.tgz 3876ms (cache miss)
922 http fetch GET 200 https://registry.npmjs.org/htmlparser2/-/htmlparser2-10.1.0.tgz 3973ms (cache miss)
923 http fetch GET 200 https://registry.npmjs.org/domutils/-/domutils-3.2.2.tgz 4054ms (cache miss)
924 http fetch GET 200 https://registry.npmjs.org/entities/-/entities-4.5.0.tgz 4164ms (cache miss)
925 http fetch GET 200 https://registry.npmjs.org/parse5/-/parse5-7.3.0.tgz 4216ms (cache miss)
926 http fetch GET 200 https://registry.npmjs.org/css-select/-/css-select-5.2.2.tgz 4321ms (cache miss)
927 http fetch GET https://registry.npmjs.org/nth-check/-/nth-check-2.1.1.tgz attempt 1 failed with ETIMEDOUT
928 http fetch GET 200 https://registry.npmjs.org/cheerio/-/cheerio-1.2.0.tgz 14755ms (cache miss)
929 http fetch GET 200 https://registry.npmjs.org/mime-types/-/mime-types-2.1.35.tgz 19817ms (cache miss)
930 http fetch GET 200 https://registry.npmjs.org/entities/-/entities-7.0.1.tgz 20398ms (cache miss)
931 http fetch GET 200 https://registry.npmjs.org/iconv-lite/-/iconv-lite-0.7.3.tgz 23857ms (cache miss)
932 http fetch GET 200 https://registry.npmjs.org/nth-check/-/nth-check-2.1.1.tgz 24053ms attempt #2 (cache miss)
933 http fetch GET 200 https://registry.npmjs.org/entities/-/entities-6.0.1.tgz 24203ms (cache miss)
934 http fetch GET 200 https://registry.npmjs.org/undici/-/undici-7.29.0.tgz 24813ms (cache miss)
935 http fetch GET 200 https://registry.npmjs.org/iconv-lite/-/iconv-lite-0.7.3.tgz 43900ms (cache miss)
936 verbose stack Error: read ETIMEDOUT
936 verbose stack     at TLSWrap.onStreamRead (node:internal/stream_base_commons:216:20)
937 error code ETIMEDOUT
938 error syscall read
939 error errno -110
940 error network read ETIMEDOUT
941 error network This is a problem related to network connectivity.
941 error network In most cases you are behind a proxy or have bad network settings.
941 error network
941 error network If you are behind a proxy, please make sure that the 'proxy' config is set properly.  See: 'npm help config'
942 silly unfinished npm timer reify 1787959815098
943 silly unfinished npm timer reify:unpack 1787959830106
944 silly unfinished npm timer reifyNode:node_modules/axios 1787959830111
945 verbose cwd /data/data/com.termux/files/home/email-com
946 verbose os Linux 4.14.199-27193134-abA035FXXS9CYG1
947 verbose node v26.4.0
948 verbose npm  v11.19.1
949 verbose exit -110
950 verbose code -110
951 error A complete log of this run can be found in: /data/data/com.termux/files/home/.npm/_logs/2026-08-28T23_30_13_654Z-debug-0.log
