0 verbose cli /data/data/com.termux/files/usr/bin/node /data/data/com.termux/files/usr/bin/npm
1 info using npm@11.19.1
2 info using node@v26.4.0
3 silly config load:file:/data/data/com.termux/files/usr/lib/node_modules/npm/npmrc
4 silly config load:file:/data/data/com.termux/files/home/email-com/.npmrc
5 silly config load:file:/data/data/com.termux/files/home/.npmrc
6 silly config load:file:/data/data/com.termux/files/usr/etc/npmrc
7 verbose title npm install axios cheerio ws express cors
8 verbose argv "install" "axios" "cheerio" "ws" "express" "cors"
9 verbose logfile logs-max:10 dir:/data/data/com.termux/files/home/.npm/_logs/2026-08-28T23_31_32_487Z-
10 verbose logfile /data/data/com.termux/files/home/.npm/_logs/2026-08-28T23_31_32_487Z-debug-0.log
11 silly logfile done cleaning log files
12 silly packumentCache heap:1032847360 maxSize:258211840 maxEntrySize:129105920
13 silly idealTree buildDeps
14 silly fetch manifest axios@*
15 silly packumentCache full:https://registry.npmjs.org/axios cache-miss
16 http cache https://registry.npmjs.org/axios 106ms (cache hit)
17 silly packumentCache full:https://registry.npmjs.org/axios set size:857738 disposed:false
18 silly fetch manifest cheerio@*
19 silly packumentCache full:https://registry.npmjs.org/cheerio cache-miss
20 http cache https://registry.npmjs.org/cheerio 23ms (cache hit)
21 silly packumentCache full:https://registry.npmjs.org/cheerio set size:169055 disposed:false
22 silly fetch manifest ws@*
23 silly packumentCache full:https://registry.npmjs.org/ws cache-miss
24 http cache https://registry.npmjs.org/ws 42ms (cache hit)
25 silly packumentCache full:https://registry.npmjs.org/ws set size:447661 disposed:false
26 silly fetch manifest bufferutil@^4.0.1
27 silly packumentCache full:https://registry.npmjs.org/bufferutil cache-miss
28 http cache https://registry.npmjs.org/bufferutil 24ms (cache hit)
29 silly packumentCache full:https://registry.npmjs.org/bufferutil set size:52668 disposed:false
30 silly fetch manifest utf-8-validate@>=5.0.2
31 silly packumentCache full:https://registry.npmjs.org/utf-8-validate cache-miss
32 http cache https://registry.npmjs.org/utf-8-validate 21ms (cache hit)
33 silly packumentCache full:https://registry.npmjs.org/utf-8-validate set size:77012 disposed:false
34 silly fetch manifest express@*
35 silly packumentCache full:https://registry.npmjs.org/express cache-miss
36 http cache https://registry.npmjs.org/express 33ms (cache hit)
37 silly packumentCache full:https://registry.npmjs.org/express set size:804975 disposed:false
38 silly fetch manifest cors@*
39 silly packumentCache full:https://registry.npmjs.org/cors cache-miss
40 http cache https://registry.npmjs.org/cors 27ms (cache hit)
41 silly packumentCache full:https://registry.npmjs.org/cors set size:77956 disposed:false
42 silly placeDep ROOT axios@1.20.0 OK for: email-com@1.0.0 want: *
43 silly placeDep ROOT cheerio@1.2.0 OK for: email-com@1.0.0 want: *
44 silly placeDep ROOT cors@2.8.6 OK for: email-com@1.0.0 want: *
45 silly placeDep ROOT express@5.2.1 OK for: email-com@1.0.0 want: *
46 silly placeDep ROOT ws@8.21.3 OK for: email-com@1.0.0 want: *
47 silly fetch manifest form-data@^4.0.6
48 silly packumentCache full:https://registry.npmjs.org/form-data cache-miss
49 silly fetch manifest proxy-from-env@^2.1.0
50 silly packumentCache full:https://registry.npmjs.org/proxy-from-env cache-miss
51 silly fetch manifest follow-redirects@^1.16.0
52 silly packumentCache full:https://registry.npmjs.org/follow-redirects cache-miss
53 silly fetch manifest https-proxy-agent@^5.0.1
54 silly packumentCache full:https://registry.npmjs.org/https-proxy-agent cache-miss
55 silly fetch manifest parse5@^7.3.0
56 silly packumentCache full:https://registry.npmjs.org/parse5 cache-miss
57 silly fetch manifest undici@^7.19.0
58 silly packumentCache full:https://registry.npmjs.org/undici cache-miss
59 silly fetch manifest domutils@^3.2.2
60 silly packumentCache full:https://registry.npmjs.org/domutils cache-miss
61 http cache https://registry.npmjs.org/form-data 63ms (cache hit)
62 silly packumentCache full:https://registry.npmjs.org/form-data set size:153174 disposed:false
63 silly fetch manifest domhandler@^5.0.3
64 silly packumentCache full:https://registry.npmjs.org/domhandler cache-miss
65 http cache https://registry.npmjs.org/follow-redirects 81ms (cache hit)
66 silly packumentCache full:https://registry.npmjs.org/follow-redirects set size:188945 disposed:false
67 silly fetch manifest htmlparser2@^10.1.0
68 silly packumentCache full:https://registry.npmjs.org/htmlparser2 cache-miss
69 http cache https://registry.npmjs.org/proxy-from-env 107ms (cache hit)
70 silly packumentCache full:https://registry.npmjs.org/proxy-from-env set size:21422 disposed:false
71 silly fetch manifest cheerio-select@^2.1.0
72 silly packumentCache full:https://registry.npmjs.org/cheerio-select cache-miss
73 http cache https://registry.npmjs.org/parse5 108ms (cache hit)
74 silly packumentCache full:https://registry.npmjs.org/parse5 set size:123116 disposed:false
75 silly fetch manifest dom-serializer@^2.0.0
76 silly packumentCache full:https://registry.npmjs.org/dom-serializer cache-miss
77 http cache https://registry.npmjs.org/undici 137ms (cache hit)
78 silly packumentCache full:https://registry.npmjs.org/undici set size:1531430 disposed:false
79 silly fetch manifest whatwg-mimetype@^4.0.0
80 silly packumentCache full:https://registry.npmjs.org/whatwg-mimetype cache-miss
81 http cache https://registry.npmjs.org/https-proxy-agent 239ms (cache hit)
82 silly packumentCache full:https://registry.npmjs.org/https-proxy-agent set size:83792 disposed:false
83 silly fetch manifest encoding-sniffer@^0.2.1
84 silly packumentCache full:https://registry.npmjs.org/encoding-sniffer cache-miss
85 http cache https://registry.npmjs.org/domutils 249ms (cache hit)
86 silly packumentCache full:https://registry.npmjs.org/domutils set size:110068 disposed:false
87 silly fetch manifest parse5-parser-stream@^7.1.2
88 silly packumentCache full:https://registry.npmjs.org/parse5-parser-stream cache-miss
89 http cache https://registry.npmjs.org/domhandler 226ms (cache hit)
90 silly packumentCache full:https://registry.npmjs.org/domhandler set size:78187 disposed:false
91 silly fetch manifest parse5-htmlparser2-tree-adapter@^7.1.0
92 silly packumentCache full:https://registry.npmjs.org/parse5-htmlparser2-tree-adapter cache-miss
93 http cache https://registry.npmjs.org/htmlparser2 221ms (cache hit)
94 silly packumentCache full:https://registry.npmjs.org/htmlparser2 set size:176895 disposed:false
95 silly fetch manifest object-assign@^4
96 silly packumentCache full:https://registry.npmjs.org/object-assign cache-miss
97 http cache https://registry.npmjs.org/cheerio-select 237ms (cache hit)
98 silly packumentCache full:https://registry.npmjs.org/cheerio-select set size:36915 disposed:false
99 silly fetch manifest vary@^1
100 silly packumentCache full:https://registry.npmjs.org/vary cache-miss
101 http cache https://registry.npmjs.org/whatwg-mimetype 116ms (cache hit)
102 silly packumentCache full:https://registry.npmjs.org/whatwg-mimetype set size:28179 disposed:false
103 silly fetch manifest qs@^6.14.0
104 silly packumentCache full:https://registry.npmjs.org/qs cache-miss
105 http cache https://registry.npmjs.org/encoding-sniffer 110ms (cache hit)
106 silly packumentCache full:https://registry.npmjs.org/encoding-sniffer set size:33052 disposed:false
107 silly fetch manifest depd@^2.0.0
108 silly packumentCache full:https://registry.npmjs.org/depd cache-miss
109 http cache https://registry.npmjs.org/dom-serializer 247ms (cache hit)
110 silly packumentCache full:https://registry.npmjs.org/dom-serializer set size:61296 disposed:false
111 silly fetch manifest etag@^1.8.1
112 silly packumentCache full:https://registry.npmjs.org/etag cache-miss
113 http cache https://registry.npmjs.org/parse5-parser-stream 117ms (cache hit)
114 silly packumentCache full:https://registry.npmjs.org/parse5-parser-stream set size:21978 disposed:false
115 silly fetch manifest once@^1.4.0
116 silly packumentCache full:https://registry.npmjs.org/once cache-miss
117 http cache https://registry.npmjs.org/parse5-htmlparser2-tree-adapter 110ms (cache hit)
118 silly packumentCache full:https://registry.npmjs.org/parse5-htmlparser2-tree-adapter set size:24244 disposed:false
119 silly fetch manifest send@^1.1.0
120 silly packumentCache full:https://registry.npmjs.org/send cache-miss
121 http cache https://registry.npmjs.org/qs 89ms (cache hit)
122 silly packumentCache full:https://registry.npmjs.org/qs set size:360318 disposed:false
123 silly fetch manifest vary@^1.1.2
124 silly packumentCache full:https://registry.npmjs.org/vary cache-miss
125 http cache https://registry.npmjs.org/vary 133ms (cache hit)
126 silly packumentCache full:https://registry.npmjs.org/vary set size:15994 disposed:false
127 silly fetch manifest debug@^4.4.0
128 silly packumentCache full:https://registry.npmjs.org/debug cache-miss
129 http cache https://registry.npmjs.org/object-assign 154ms (cache hit)
130 silly packumentCache full:https://registry.npmjs.org/object-assign set size:28988 disposed:false
131 silly fetch manifest fresh@^2.0.0
132 silly packumentCache full:https://registry.npmjs.org/fresh cache-miss
133 http cache https://registry.npmjs.org/depd 134ms (cache hit)
134 silly packumentCache full:https://registry.npmjs.org/depd set size:40182 disposed:false
135 silly fetch manifest cookie@^0.7.1
136 silly packumentCache full:https://registry.npmjs.org/cookie cache-miss
137 http cache https://registry.npmjs.org/once 121ms (cache hit)
138 silly packumentCache full:https://registry.npmjs.org/once set size:11752 disposed:false
139 silly fetch manifest router@^2.2.0
140 silly packumentCache full:https://registry.npmjs.org/router cache-miss
141 http cache https://registry.npmjs.org/etag 136ms (cache hit)
142 silly packumentCache full:https://registry.npmjs.org/etag set size:30032 disposed:false
143 silly fetch manifest accepts@^2.0.0
144 silly packumentCache full:https://registry.npmjs.org/accepts cache-miss
145 http cache https://registry.npmjs.org/vary 73ms (cache hit)
146 silly packumentCache full:https://registry.npmjs.org/vary set size:15994 disposed:false
147 silly packumentCache full:https://registry.npmjs.org/vary dispose
148 silly fetch manifest type-is@^2.0.1
149 silly packumentCache full:https://registry.npmjs.org/type-is cache-miss
150 http cache https://registry.npmjs.org/send 135ms (cache hit)
151 silly packumentCache full:https://registry.npmjs.org/send set size:152810 disposed:false
152 silly fetch manifest parseurl@^1.3.3
153 silly packumentCache full:https://registry.npmjs.org/parseurl cache-miss
154 http cache https://registry.npmjs.org/debug 97ms (cache hit)
155 silly packumentCache full:https://registry.npmjs.org/debug set size:195840 disposed:false
156 silly fetch manifest statuses@^2.0.1
157 silly packumentCache full:https://registry.npmjs.org/statuses cache-miss
158 http cache https://registry.npmjs.org/fresh 113ms (cache hit)
159 silly packumentCache full:https://registry.npmjs.org/fresh set size:25427 disposed:false
160 silly fetch manifest encodeurl@^2.0.0
161 silly packumentCache full:https://registry.npmjs.org/encodeurl cache-miss
162 http cache https://registry.npmjs.org/router 105ms (cache hit)
163 silly packumentCache full:https://registry.npmjs.org/router set size:116499 disposed:false
164 silly fetch manifest mime-types@^3.0.0
165 silly packumentCache full:https://registry.npmjs.org/mime-types cache-miss
166 http cache https://registry.npmjs.org/cookie 131ms (cache hit)
167 silly packumentCache full:https://registry.npmjs.org/cookie set size:78274 disposed:false
168 silly fetch manifest proxy-addr@^2.0.7
169 silly packumentCache full:https://registry.npmjs.org/proxy-addr cache-miss
170 http cache https://registry.npmjs.org/accepts 131ms (cache hit)
171 silly packumentCache full:https://registry.npmjs.org/accepts set size:77054 disposed:false
172 silly fetch manifest body-parser@^2.2.1
173 silly packumentCache full:https://registry.npmjs.org/body-parser cache-miss
174 http cache https://registry.npmjs.org/parseurl 114ms (cache hit)
175 silly packumentCache full:https://registry.npmjs.org/parseurl set size:24148 disposed:false
176 silly fetch manifest escape-html@^1.0.3
177 silly packumentCache full:https://registry.npmjs.org/escape-html cache-miss
178 http cache https://registry.npmjs.org/type-is 144ms (cache hit)
179 silly packumentCache full:https://registry.npmjs.org/type-is set size:88614 disposed:false
180 silly fetch manifest http-errors@^2.0.0
181 silly packumentCache full:https://registry.npmjs.org/http-errors cache-miss
182 http cache https://registry.npmjs.org/statuses 111ms (cache hit)
183 silly packumentCache full:https://registry.npmjs.org/statuses set size:37117 disposed:false
184 silly fetch manifest on-finished@^2.4.1
185 silly packumentCache full:https://registry.npmjs.org/on-finished cache-miss
186 http cache https://registry.npmjs.org/encodeurl 107ms (cache hit)
187 silly packumentCache full:https://registry.npmjs.org/encodeurl set size:12296 disposed:false
188 silly fetch manifest content-type@^1.0.5
189 silly packumentCache full:https://registry.npmjs.org/content-type cache-miss
190 http cache https://registry.npmjs.org/mime-types 98ms (cache hit)
191 silly packumentCache full:https://registry.npmjs.org/mime-types set size:139110 disposed:false
192 silly fetch manifest finalhandler@^2.1.0
193 silly packumentCache full:https://registry.npmjs.org/finalhandler cache-miss
194 http cache https://registry.npmjs.org/proxy-addr 98ms (cache hit)
195 silly packumentCache full:https://registry.npmjs.org/proxy-addr set size:61619 disposed:false
196 silly fetch manifest range-parser@^1.2.1
197 silly packumentCache full:https://registry.npmjs.org/range-parser cache-miss
198 http cache https://registry.npmjs.org/body-parser 105ms (cache hit)
199 silly packumentCache full:https://registry.npmjs.org/body-parser set size:204559 disposed:false
200 silly fetch manifest serve-static@^2.2.0
201 silly packumentCache full:https://registry.npmjs.org/serve-static cache-miss
202 http cache https://registry.npmjs.org/escape-html 143ms (cache hit)
203 silly packumentCache full:https://registry.npmjs.org/escape-html set size:7345 disposed:false
204 silly fetch manifest cookie-signature@^1.2.1
205 silly packumentCache full:https://registry.npmjs.org/cookie-signature cache-miss
206 http cache https://registry.npmjs.org/http-errors 138ms (cache hit)
207 silly packumentCache full:https://registry.npmjs.org/http-errors set size:71987 disposed:false
208 silly fetch manifest merge-descriptors@^2.0.0
209 silly packumentCache full:https://registry.npmjs.org/merge-descriptors cache-miss
210 http cache https://registry.npmjs.org/on-finished 135ms (cache hit)
211 silly packumentCache full:https://registry.npmjs.org/on-finished set size:23212 disposed:false
212 silly fetch manifest content-disposition@^1.0.0
213 silly packumentCache full:https://registry.npmjs.org/content-disposition cache-miss
214 http cache https://registry.npmjs.org/content-type 136ms (cache hit)
215 silly packumentCache full:https://registry.npmjs.org/content-type set size:23936 disposed:false
216 http cache https://registry.npmjs.org/finalhandler 126ms (cache hit)
217 silly packumentCache full:https://registry.npmjs.org/finalhandler set size:79291 disposed:false
218 http cache https://registry.npmjs.org/range-parser 127ms (cache hit)
219 silly packumentCache full:https://registry.npmjs.org/range-parser set size:24852 disposed:false
220 http cache https://registry.npmjs.org/serve-static 114ms (cache hit)
221 silly packumentCache full:https://registry.npmjs.org/serve-static set size:150391 disposed:false
222 http cache https://registry.npmjs.org/cookie-signature 73ms (cache hit)
223 silly packumentCache full:https://registry.npmjs.org/cookie-signature set size:21777 disposed:false
224 http cache https://registry.npmjs.org/content-disposition 60ms (cache hit)
225 silly packumentCache full:https://registry.npmjs.org/content-disposition set size:45446 disposed:false
226 http cache https://registry.npmjs.org/merge-descriptors 77ms (cache hit)
227 silly packumentCache full:https://registry.npmjs.org/merge-descriptors set size:16527 disposed:false
228 silly placeDep ROOT follow-redirects@1.16.0 OK for: axios@1.20.0 want: ^1.16.0
229 silly placeDep ROOT form-data@4.0.6 OK for: axios@1.20.0 want: ^4.0.6
230 silly placeDep ROOT https-proxy-agent@5.0.1 OK for: axios@1.20.0 want: ^5.0.1
231 silly placeDep ROOT proxy-from-env@2.1.0 OK for: axios@1.20.0 want: ^2.1.0
232 silly fetch manifest hasown@^2.0.4
233 silly packumentCache full:https://registry.npmjs.org/hasown cache-miss
234 silly fetch manifest asynckit@^0.4.0
235 silly packumentCache full:https://registry.npmjs.org/asynckit cache-miss
236 silly fetch manifest mime-types@^2.1.35
237 silly packumentCache full:https://registry.npmjs.org/mime-types cache-hit
238 silly fetch manifest combined-stream@^1.0.8
239 silly packumentCache full:https://registry.npmjs.org/combined-stream cache-miss
240 silly fetch manifest es-set-tostringtag@^2.1.0
241 silly packumentCache full:https://registry.npmjs.org/es-set-tostringtag cache-miss
242 silly fetch manifest debug@4
243 silly packumentCache full:https://registry.npmjs.org/debug cache-hit
244 silly fetch manifest agent-base@6
245 silly packumentCache full:https://registry.npmjs.org/agent-base cache-miss
246 http cache https://registry.npmjs.org/asynckit 37ms (cache hit)
247 silly packumentCache full:https://registry.npmjs.org/asynckit set size:18932 disposed:false
248 http cache https://registry.npmjs.org/combined-stream 38ms (cache hit)
249 silly packumentCache full:https://registry.npmjs.org/combined-stream set size:40337 disposed:false
250 http cache https://registry.npmjs.org/agent-base 39ms (cache hit)
251 silly packumentCache full:https://registry.npmjs.org/agent-base set size:72085 disposed:false
252 http cache https://registry.npmjs.org/es-set-tostringtag 53ms (cache hit)
253 silly packumentCache full:https://registry.npmjs.org/es-set-tostringtag set size:22094 disposed:false
254 http cache https://registry.npmjs.org/hasown 70ms (cache hit)
255 silly packumentCache full:https://registry.npmjs.org/hasown set size:18361 disposed:false
256 silly placeDep ROOT cheerio-select@2.1.0 OK for: cheerio@1.2.0 want: ^2.1.0
257 silly placeDep ROOT dom-serializer@2.0.0 OK for: cheerio@1.2.0 want: ^2.0.0
258 silly placeDep ROOT domhandler@5.0.3 OK for: cheerio@1.2.0 want: ^5.0.3
259 silly placeDep ROOT domutils@3.2.2 OK for: cheerio@1.2.0 want: ^3.2.2
260 silly placeDep ROOT encoding-sniffer@0.2.1 OK for: cheerio@1.2.0 want: ^0.2.1
261 silly placeDep ROOT htmlparser2@10.1.0 OK for: cheerio@1.2.0 want: ^10.1.0
262 silly placeDep ROOT parse5@7.3.0 OK for: cheerio@1.2.0 want: ^7.3.0
263 silly placeDep ROOT parse5-htmlparser2-tree-adapter@7.1.0 OK for: cheerio@1.2.0 want: ^7.1.0
264 silly placeDep ROOT parse5-parser-stream@7.1.2 OK for: cheerio@1.2.0 want: ^7.1.2
265 silly placeDep ROOT undici@7.29.0 OK for: cheerio@1.2.0 want: ^7.19.0
266 silly placeDep ROOT whatwg-mimetype@4.0.0 OK for: cheerio@1.2.0 want: ^4.0.0
267 silly fetch manifest boolbase@^1.0.0
268 silly packumentCache full:https://registry.npmjs.org/boolbase cache-miss
269 silly fetch manifest css-what@^6.1.0
270 silly packumentCache full:https://registry.npmjs.org/css-what cache-miss
271 silly fetch manifest domutils@^3.0.1
272 silly packumentCache full:https://registry.npmjs.org/domutils cache-hit
273 silly fetch manifest css-select@^5.1.0
274 silly packumentCache full:https://registry.npmjs.org/css-select cache-miss
275 silly fetch manifest domelementtype@^2.3.0
276 silly packumentCache full:https://registry.npmjs.org/domelementtype cache-miss
277 silly fetch manifest entities@^4.2.0
278 silly packumentCache full:https://registry.npmjs.org/entities cache-miss
279 silly fetch manifest domhandler@^5.0.2
280 silly packumentCache full:https://registry.npmjs.org/domhandler cache-hit
281 silly fetch manifest domelementtype@^2.3.0
282 silly packumentCache full:https://registry.npmjs.org/domelementtype cache-miss
283 silly fetch manifest domelementtype@^2.3.0
284 silly packumentCache full:https://registry.npmjs.org/domelementtype cache-miss
285 http cache https://registry.npmjs.org/boolbase 73ms (cache hit)
286 silly packumentCache full:https://registry.npmjs.org/boolbase set size:4438 disposed:false
287 silly fetch manifest domelementtype@^2.3.0
288 silly packumentCache full:https://registry.npmjs.org/domelementtype cache-miss
289 http cache https://registry.npmjs.org/css-select 77ms (cache hit)
290 silly packumentCache full:https://registry.npmjs.org/css-select set size:111202 disposed:false
291 silly fetch manifest iconv-lite@^0.6.3
292 silly packumentCache full:https://registry.npmjs.org/iconv-lite cache-miss
293 http cache https://registry.npmjs.org/domelementtype 75ms (cache hit)
294 silly packumentCache full:https://registry.npmjs.org/domelementtype set size:33363 disposed:false
295 silly fetch manifest whatwg-encoding@^3.1.1
296 silly packumentCache full:https://registry.npmjs.org/whatwg-encoding cache-miss
297 http cache https://registry.npmjs.org/css-what 105ms (cache hit)
298 silly packumentCache full:https://registry.npmjs.org/css-what set size:81721 disposed:false
299 silly fetch manifest entities@^7.0.1
300 silly packumentCache full:https://registry.npmjs.org/entities cache-miss
301 http cache https://registry.npmjs.org/entities 112ms (cache hit)
302 silly packumentCache full:https://registry.npmjs.org/entities set size:101550 disposed:false
303 silly fetch manifest entities@^6.0.0
304 silly packumentCache full:https://registry.npmjs.org/entities cache-hit
305 http cache https://registry.npmjs.org/domelementtype 120ms (cache hit)
306 silly packumentCache full:https://registry.npmjs.org/domelementtype set size:33363 disposed:false
307 silly packumentCache full:https://registry.npmjs.org/domelementtype dispose
308 http cache https://registry.npmjs.org/domelementtype 136ms (cache hit)
309 silly packumentCache full:https://registry.npmjs.org/domelementtype set size:33363 disposed:true
310 silly packumentCache full:https://registry.npmjs.org/domelementtype dispose
311 http cache https://registry.npmjs.org/domelementtype 82ms (cache hit)
312 silly packumentCache full:https://registry.npmjs.org/domelementtype set size:33363 disposed:true
313 silly packumentCache full:https://registry.npmjs.org/domelementtype dispose
314 http cache https://registry.npmjs.org/entities 49ms (cache hit)
315 silly packumentCache full:https://registry.npmjs.org/entities set size:101550 disposed:false
316 silly packumentCache full:https://registry.npmjs.org/entities dispose
317 http cache https://registry.npmjs.org/whatwg-encoding 73ms (cache hit)
318 silly packumentCache full:https://registry.npmjs.org/whatwg-encoding set size:25704 disposed:false
319 http cache https://registry.npmjs.org/iconv-lite 89ms (cache hit)
320 silly packumentCache full:https://registry.npmjs.org/iconv-lite set size:126462 disposed:false
321 silly placeDep ROOT boolbase@1.0.0 OK for: cheerio-select@2.1.0 want: ^1.0.0
322 silly placeDep ROOT css-select@5.2.2 OK for: cheerio-select@2.1.0 want: ^5.1.0
323 silly placeDep ROOT css-what@6.2.2 OK for: cheerio-select@2.1.0 want: ^6.1.0
324 silly placeDep ROOT domelementtype@2.3.0 OK for: cheerio-select@2.1.0 want: ^2.3.0
325 silly fetch manifest nth-check@^2.0.1
326 silly packumentCache full:https://registry.npmjs.org/nth-check cache-miss
327 http cache https://registry.npmjs.org/nth-check 23ms (cache hit)
328 silly packumentCache full:https://registry.npmjs.org/nth-check set size:27445 disposed:false
329 silly placeDep ROOT object-assign@4.1.1 OK for: cors@2.8.6 want: ^4
330 silly placeDep ROOT vary@1.1.2 OK for: cors@2.8.6 want: ^1
331 silly placeDep ROOT nth-check@2.1.1 OK for: css-select@5.2.2 want: ^2.0.1
332 silly placeDep ROOT entities@4.5.0 OK for: dom-serializer@2.0.0 want: ^4.2.0
333 silly placeDep ROOT iconv-lite@0.6.3 OK for: encoding-sniffer@0.2.1 want: ^0.6.3
334 silly placeDep ROOT whatwg-encoding@3.1.1 OK for: encoding-sniffer@0.2.1 want: ^3.1.1
335 silly fetch manifest safer-buffer@>= 2.1.2 < 3.0.0
336 silly packumentCache full:https://registry.npmjs.org/safer-buffer cache-miss
337 http cache https://registry.npmjs.org/safer-buffer 14ms (cache hit)
338 silly packumentCache full:https://registry.npmjs.org/safer-buffer set size:18521 disposed:false
339 silly placeDep ROOT accepts@2.0.0 OK for: express@5.2.1 want: ^2.0.0
340 silly placeDep ROOT body-parser@2.3.0 OK for: express@5.2.1 want: ^2.2.1
341 silly placeDep ROOT content-disposition@1.1.0 OK for: express@5.2.1 want: ^1.0.0
342 silly placeDep ROOT content-type@1.0.5 OK for: express@5.2.1 want: ^1.0.5
343 silly placeDep ROOT cookie@0.7.2 OK for: express@5.2.1 want: ^0.7.1
344 silly placeDep ROOT cookie-signature@1.2.2 OK for: express@5.2.1 want: ^1.2.1
345 silly placeDep ROOT debug@4.4.3 OK for: express@5.2.1 want: ^4.4.0
346 silly placeDep ROOT depd@2.0.0 OK for: express@5.2.1 want: ^2.0.0
347 silly placeDep ROOT encodeurl@2.0.0 OK for: express@5.2.1 want: ^2.0.0
348 silly placeDep ROOT escape-html@1.0.3 OK for: express@5.2.1 want: ^1.0.3
349 silly placeDep ROOT etag@1.8.1 OK for: express@5.2.1 want: ^1.8.1
350 silly placeDep ROOT finalhandler@2.1.1 OK for: express@5.2.1 want: ^2.1.0
351 silly placeDep ROOT fresh@2.0.0 OK for: express@5.2.1 want: ^2.0.0
352 silly placeDep ROOT http-errors@2.0.1 OK for: express@5.2.1 want: ^2.0.0
353 silly placeDep ROOT merge-descriptors@2.0.0 OK for: express@5.2.1 want: ^2.0.0
354 silly placeDep ROOT mime-types@3.0.2 OK for: express@5.2.1 want: ^3.0.0
355 silly placeDep ROOT on-finished@2.4.1 OK for: express@5.2.1 want: ^2.4.1
356 silly placeDep ROOT once@1.4.0 OK for: express@5.2.1 want: ^1.4.0
357 silly placeDep ROOT parseurl@1.3.3 OK for: express@5.2.1 want: ^1.3.3
358 silly placeDep ROOT proxy-addr@2.0.7 OK for: express@5.2.1 want: ^2.0.7
359 silly placeDep ROOT qs@6.15.3 OK for: express@5.2.1 want: ^6.14.0
360 silly placeDep ROOT range-parser@1.3.0 OK for: express@5.2.1 want: ^1.2.1
361 silly placeDep ROOT router@2.2.0 OK for: express@5.2.1 want: ^2.2.0
362 silly placeDep ROOT send@1.2.1 OK for: express@5.2.1 want: ^1.1.0
363 silly placeDep ROOT serve-static@2.2.1 OK for: express@5.2.1 want: ^2.2.0
364 silly placeDep ROOT statuses@2.0.2 OK for: express@5.2.1 want: ^2.0.1
365 silly placeDep ROOT type-is@2.1.0 OK for: express@5.2.1 want: ^2.0.1
366 silly fetch manifest negotiator@^1.0.0
367 silly packumentCache full:https://registry.npmjs.org/negotiator cache-miss
368 silly fetch manifest qs@^6.15.2
369 silly packumentCache full:https://registry.npmjs.org/qs cache-hit
370 silly fetch manifest bytes@^3.1.2
371 silly packumentCache full:https://registry.npmjs.org/bytes cache-miss
372 silly fetch manifest debug@^4.4.3
373 silly packumentCache full:https://registry.npmjs.org/debug cache-hit
374 silly fetch manifest type-is@^2.1.0
375 silly packumentCache full:https://registry.npmjs.org/type-is cache-hit
376 silly fetch manifest raw-body@^3.0.2
377 silly packumentCache full:https://registry.npmjs.org/raw-body cache-miss
378 silly fetch manifest iconv-lite@^0.7.2
379 silly packumentCache full:https://registry.npmjs.org/iconv-lite cache-hit
380 silly fetch manifest http-errors@^2.0.1
381 silly packumentCache full:https://registry.npmjs.org/http-errors cache-hit
382 silly fetch manifest content-type@^2.0.0
383 silly packumentCache full:https://registry.npmjs.org/content-type cache-hit
384 silly fetch manifest ms@^2.1.3
385 silly packumentCache full:https://registry.npmjs.org/ms cache-miss
386 silly fetch manifest inherits@~2.0.4
387 silly packumentCache full:https://registry.npmjs.org/inherits cache-miss
388 silly fetch manifest setprototypeof@~1.2.0
389 silly packumentCache full:https://registry.npmjs.org/setprototypeof cache-miss
390 silly fetch manifest statuses@~2.0.2
391 silly packumentCache full:https://registry.npmjs.org/statuses cache-hit
392 silly fetch manifest toidentifier@~1.0.1
393 silly packumentCache full:https://registry.npmjs.org/toidentifier cache-miss
394 http cache https://registry.npmjs.org/toidentifier 167ms (cache hit)
395 silly packumentCache full:https://registry.npmjs.org/toidentifier set size:12006 disposed:false
396 silly fetch manifest mime-db@^1.54.0
397 silly packumentCache full:https://registry.npmjs.org/mime-db cache-miss
398 http cache https://registry.npmjs.org/negotiator 213ms (cache hit)
399 silly packumentCache full:https://registry.npmjs.org/negotiator set size:56148 disposed:false
400 silly fetch manifest ee-first@1.1.1
401 silly packumentCache full:https://registry.npmjs.org/ee-first cache-miss
402 http cache https://registry.npmjs.org/raw-body 216ms (cache hit)
403 silly packumentCache full:https://registry.npmjs.org/raw-body set size:120042 disposed:false
404 silly fetch manifest wrappy@1
405 silly packumentCache full:https://registry.npmjs.org/wrappy cache-miss
406 http cache https://registry.npmjs.org/bytes 239ms (cache hit)
407 silly packumentCache full:https://registry.npmjs.org/bytes set size:37018 disposed:false
408 silly fetch manifest forwarded@0.2.0
409 silly packumentCache full:https://registry.npmjs.org/forwarded cache-miss
410 http cache https://registry.npmjs.org/ms 231ms (cache hit)
411 silly packumentCache full:https://registry.npmjs.org/ms set size:92208 disposed:false
412 silly fetch manifest ipaddr.js@1.9.1
413 silly packumentCache full:https://registry.npmjs.org/ipaddr.js cache-miss
414 http cache https://registry.npmjs.org/inherits 242ms (cache hit)
415 silly packumentCache full:https://registry.npmjs.org/inherits set size:12925 disposed:false
416 silly fetch manifest side-channel@^1.1.1
417 silly packumentCache full:https://registry.npmjs.org/side-channel cache-miss
418 http cache https://registry.npmjs.org/setprototypeof 249ms (cache hit)
419 silly packumentCache full:https://registry.npmjs.org/setprototypeof set size:14532 disposed:false
420 silly fetch manifest es-define-property@^1.0.1
421 silly packumentCache full:https://registry.npmjs.org/es-define-property cache-miss
422 http cache https://registry.npmjs.org/ee-first 271ms (cache hit)
423 silly packumentCache full:https://registry.npmjs.org/ee-first set size:15327 disposed:false
424 silly fetch manifest is-promise@^4.0.0
425 silly packumentCache full:https://registry.npmjs.org/is-promise cache-miss
426 http cache https://registry.npmjs.org/wrappy 262ms (cache hit)
427 silly packumentCache full:https://registry.npmjs.org/wrappy set size:7682 disposed:false
428 silly fetch manifest path-to-regexp@^8.0.0
429 silly packumentCache full:https://registry.npmjs.org/path-to-regexp cache-miss
430 http cache https://registry.npmjs.org/forwarded 319ms (cache hit)
431 silly packumentCache full:https://registry.npmjs.org/forwarded set size:11229 disposed:false
432 silly fetch manifest statuses@^2.0.2
433 silly packumentCache full:https://registry.npmjs.org/statuses cache-hit
434 silly fetch manifest media-typer@^1.1.0
435 silly packumentCache full:https://registry.npmjs.org/media-typer cache-miss
436 http cache https://registry.npmjs.org/mime-db 426ms (cache hit)
437 silly packumentCache full:https://registry.npmjs.org/mime-db set size:164953 disposed:false
438 http cache https://registry.npmjs.org/side-channel 396ms (cache hit)
439 silly packumentCache full:https://registry.npmjs.org/side-channel set size:27650 disposed:false
440 http cache https://registry.npmjs.org/ipaddr.js 412ms (cache hit)
441 silly packumentCache full:https://registry.npmjs.org/ipaddr.js set size:84329 disposed:false
442 http cache https://registry.npmjs.org/es-define-property 412ms (cache hit)
443 silly packumentCache full:https://registry.npmjs.org/es-define-property set size:8542 disposed:false
444 http cache https://registry.npmjs.org/is-promise 214ms (cache hit)
445 silly packumentCache full:https://registry.npmjs.org/is-promise set size:18599 disposed:false
446 http cache https://registry.npmjs.org/path-to-regexp 390ms (cache hit)
447 silly packumentCache full:https://registry.npmjs.org/path-to-regexp set size:216334 disposed:false
448 http cache https://registry.npmjs.org/media-typer 407ms (cache hit)
449 silly packumentCache full:https://registry.npmjs.org/media-typer set size:22074 disposed:false
450 silly placeDep ROOT negotiator@1.1.0 OK for: accepts@2.0.0 want: ^1.0.0
451 silly fetch manifest content-type@^2.1.0
452 silly packumentCache full:https://registry.npmjs.org/content-type cache-hit
453 silly placeDep ROOT bytes@3.1.2 OK for: body-parser@2.3.0 want: ^3.1.2
454 silly placeDep node_modules/body-parser content-type@2.1.0 OK for: body-parser@2.3.0 want: ^2.0.0
455 silly placeDep node_modules/body-parser iconv-lite@0.7.3 OK for: body-parser@2.3.0 want: ^0.7.2
456 silly placeDep ROOT raw-body@3.0.2 OK for: body-parser@2.3.0 want: ^3.0.2
457 silly fetch manifest unpipe@~1.0.0
458 silly packumentCache full:https://registry.npmjs.org/unpipe cache-miss
459 silly fetch manifest iconv-lite@~0.7.0
460 silly packumentCache full:https://registry.npmjs.org/iconv-lite cache-hit
461 http cache https://registry.npmjs.org/unpipe 208ms (cache hit)
462 silly packumentCache full:https://registry.npmjs.org/unpipe set size:3609 disposed:false
463 silly placeDep ROOT ms@2.1.3 OK for: debug@4.4.3 want: ^2.1.3
464 silly placeDep ROOT asynckit@0.4.0 OK for: form-data@4.0.6 want: ^0.4.0
465 silly placeDep ROOT combined-stream@1.0.8 OK for: form-data@4.0.6 want: ^1.0.8
466 silly placeDep ROOT es-set-tostringtag@2.1.0 OK for: form-data@4.0.6 want: ^2.1.0
467 silly placeDep ROOT hasown@2.0.4 OK for: form-data@4.0.6 want: ^2.0.4
468 silly placeDep node_modules/form-data mime-types@2.1.35 OK for: form-data@4.0.6 want: ^2.1.35
469 silly fetch manifest delayed-stream@~1.0.0
470 silly packumentCache full:https://registry.npmjs.org/delayed-stream cache-miss
471 silly fetch manifest es-errors@^1.3.0
472 silly packumentCache full:https://registry.npmjs.org/es-errors cache-miss
473 silly fetch manifest get-intrinsic@^1.2.6
474 silly packumentCache full:https://registry.npmjs.org/get-intrinsic cache-miss
475 silly fetch manifest has-tostringtag@^1.0.2
476 silly packumentCache full:https://registry.npmjs.org/has-tostringtag cache-miss
477 silly fetch manifest hasown@^2.0.2
478 silly packumentCache full:https://registry.npmjs.org/hasown cache-hit
479 silly fetch manifest function-bind@^1.1.2
480 silly packumentCache full:https://registry.npmjs.org/function-bind cache-miss
481 silly fetch manifest mime-db@1.52.0
482 silly packumentCache full:https://registry.npmjs.org/mime-db cache-hit
483 http cache https://registry.npmjs.org/get-intrinsic 262ms (cache hit)
484 silly packumentCache full:https://registry.npmjs.org/get-intrinsic set size:60985 disposed:false
485 http cache https://registry.npmjs.org/has-tostringtag 268ms (cache hit)
486 silly packumentCache full:https://registry.npmjs.org/has-tostringtag set size:13945 disposed:false
487 http cache https://registry.npmjs.org/es-errors 277ms (cache hit)
488 silly packumentCache full:https://registry.npmjs.org/es-errors set size:16918 disposed:false
489 http cache https://registry.npmjs.org/delayed-stream 285ms (cache hit)
490 silly packumentCache full:https://registry.npmjs.org/delayed-stream set size:15820 disposed:false
491 http cache https://registry.npmjs.org/function-bind 310ms (cache hit)
492 silly packumentCache full:https://registry.npmjs.org/function-bind set size:15733 disposed:false
493 silly placeDep ROOT delayed-stream@1.0.0 OK for: combined-stream@1.0.8 want: ~1.0.0
494 silly placeDep ROOT es-errors@1.3.0 OK for: es-set-tostringtag@2.1.0 want: ^1.3.0
495 silly placeDep ROOT get-intrinsic@1.3.0 OK for: es-set-tostringtag@2.1.0 want: ^1.2.6
496 silly placeDep ROOT has-tostringtag@1.0.2 OK for: es-set-tostringtag@2.1.0 want: ^1.0.2
497 silly fetch manifest gopd@^1.2.0
498 silly packumentCache full:https://registry.npmjs.org/gopd cache-miss
499 silly fetch manifest get-proto@^1.0.1
500 silly packumentCache full:https://registry.npmjs.org/get-proto cache-miss
501 silly fetch manifest has-symbols@^1.1.0
502 silly packumentCache full:https://registry.npmjs.org/has-symbols cache-miss
503 silly fetch manifest es-object-atoms@^1.1.1
504 silly packumentCache full:https://registry.npmjs.org/es-object-atoms cache-miss
505 silly fetch manifest math-intrinsics@^1.1.0
506 silly packumentCache full:https://registry.npmjs.org/math-intrinsics cache-miss
507 silly fetch manifest call-bind-apply-helpers@^1.0.2
508 silly packumentCache full:https://registry.npmjs.org/call-bind-apply-helpers cache-miss
509 silly fetch manifest has-symbols@^1.0.3
510 silly packumentCache full:https://registry.npmjs.org/has-symbols cache-miss
511 http cache https://registry.npmjs.org/gopd 72ms (cache hit)
512 silly packumentCache full:https://registry.npmjs.org/gopd set size:11483 disposed:false
513 http cache https://registry.npmjs.org/get-proto 80ms (cache hit)
514 silly packumentCache full:https://registry.npmjs.org/get-proto set size:8300 disposed:false
515 http cache https://registry.npmjs.org/has-symbols 75ms (cache hit)
516 silly packumentCache full:https://registry.npmjs.org/has-symbols set size:21550 disposed:false
517 http cache https://registry.npmjs.org/has-symbols 100ms (cache hit)
518 silly packumentCache full:https://registry.npmjs.org/has-symbols set size:21550 disposed:false
519 silly packumentCache full:https://registry.npmjs.org/has-symbols dispose
520 http cache https://registry.npmjs.org/es-object-atoms 108ms (cache hit)
521 silly packumentCache full:https://registry.npmjs.org/es-object-atoms set size:18278 disposed:false
522 http cache https://registry.npmjs.org/math-intrinsics 117ms (cache hit)
523 silly packumentCache full:https://registry.npmjs.org/math-intrinsics set size:9265 disposed:false
524 http cache https://registry.npmjs.org/call-bind-apply-helpers 116ms (cache hit)
525 silly packumentCache full:https://registry.npmjs.org/call-bind-apply-helpers set size:12744 disposed:false
526 silly placeDep ROOT call-bind-apply-helpers@1.0.2 OK for: get-intrinsic@1.3.0 want: ^1.0.2
527 silly placeDep ROOT es-define-property@1.0.1 OK for: get-intrinsic@1.3.0 want: ^1.0.1
528 silly placeDep ROOT es-object-atoms@1.1.2 OK for: get-intrinsic@1.3.0 want: ^1.1.1
529 silly placeDep ROOT function-bind@1.1.2 OK for: get-intrinsic@1.3.0 want: ^1.1.2
530 silly placeDep ROOT get-proto@1.0.1 OK for: get-intrinsic@1.3.0 want: ^1.0.1
531 silly placeDep ROOT gopd@1.2.0 OK for: get-intrinsic@1.3.0 want: ^1.2.0
532 silly placeDep ROOT has-symbols@1.1.0 OK for: get-intrinsic@1.3.0 want: ^1.1.0
533 silly placeDep ROOT math-intrinsics@1.1.0 OK for: get-intrinsic@1.3.0 want: ^1.1.0
534 silly fetch manifest dunder-proto@^1.0.1
535 silly packumentCache full:https://registry.npmjs.org/dunder-proto cache-miss
536 http cache https://registry.npmjs.org/dunder-proto 26ms (cache hit)
537 silly packumentCache full:https://registry.npmjs.org/dunder-proto set size:8256 disposed:false
538 silly placeDep ROOT dunder-proto@1.0.1 OK for: get-proto@1.0.1 want: ^1.0.1
539 silly placeDep node_modules/htmlparser2 entities@7.0.1 OK for: htmlparser2@10.1.0 want: ^7.0.1
540 silly placeDep ROOT inherits@2.0.4 OK for: http-errors@2.0.1 want: ~2.0.4
541 silly placeDep ROOT setprototypeof@1.2.0 OK for: http-errors@2.0.1 want: ~1.2.0
542 silly placeDep ROOT toidentifier@1.0.1 OK for: http-errors@2.0.1 want: ~1.0.1
543 silly placeDep ROOT agent-base@6.0.2 OK for: https-proxy-agent@5.0.1 want: 6
544 silly placeDep ROOT safer-buffer@2.1.2 OK for: iconv-lite@0.6.3 want: >= 2.1.2 < 3.0.0
545 silly placeDep ROOT mime-db@1.54.0 OK for: mime-types@3.0.2 want: ^1.54.0
546 silly placeDep node_modules/negotiator content-type@2.1.0 OK for: negotiator@1.1.0 want: ^2.1.0
547 silly placeDep ROOT ee-first@1.1.1 OK for: on-finished@2.4.1 want: 1.1.1
548 silly placeDep ROOT wrappy@1.0.2 OK for: once@1.4.0 want: 1
549 silly placeDep node_modules/parse5 entities@6.0.1 OK for: parse5@7.3.0 want: ^6.0.0
550 silly placeDep ROOT forwarded@0.2.0 OK for: proxy-addr@2.0.7 want: 0.2.0
551 silly placeDep ROOT ipaddr.js@1.9.1 OK for: proxy-addr@2.0.7 want: 1.9.1
552 silly placeDep ROOT side-channel@1.1.1 OK for: qs@6.15.3 want: ^1.1.1
553 silly fetch manifest object-inspect@^1.13.4
554 silly packumentCache full:https://registry.npmjs.org/object-inspect cache-miss
555 silly fetch manifest side-channel-list@^1.0.1
556 silly packumentCache full:https://registry.npmjs.org/side-channel-list cache-miss
557 silly fetch manifest side-channel-map@^1.0.1
558 silly packumentCache full:https://registry.npmjs.org/side-channel-map cache-miss
559 silly fetch manifest side-channel-weakmap@^1.0.2
560 silly packumentCache full:https://registry.npmjs.org/side-channel-weakmap cache-miss
561 http cache https://registry.npmjs.org/side-channel-weakmap 30ms (cache hit)
562 silly packumentCache full:https://registry.npmjs.org/side-channel-weakmap set size:12620 disposed:false
563 http cache https://registry.npmjs.org/side-channel-list 39ms (cache hit)
564 silly packumentCache full:https://registry.npmjs.org/side-channel-list set size:9021 disposed:false
565 http cache https://registry.npmjs.org/object-inspect 46ms (cache hit)
566 silly packumentCache full:https://registry.npmjs.org/object-inspect set size:101927 disposed:false
567 http cache https://registry.npmjs.org/side-channel-map 57ms (cache hit)
568 silly packumentCache full:https://registry.npmjs.org/side-channel-map set size:9126 disposed:false
569 silly placeDep node_modules/raw-body iconv-lite@0.7.3 OK for: raw-body@3.0.2 want: ~0.7.0
570 silly placeDep ROOT unpipe@1.0.0 OK for: raw-body@3.0.2 want: ~1.0.0
571 silly placeDep ROOT is-promise@4.0.0 OK for: router@2.2.0 want: ^4.0.0
572 silly placeDep ROOT path-to-regexp@8.4.2 OK for: router@2.2.0 want: ^8.0.0
573 silly placeDep ROOT object-inspect@1.13.4 OK for: side-channel@1.1.1 want: ^1.13.4
574 silly placeDep ROOT side-channel-list@1.0.1 OK for: side-channel@1.1.1 want: ^1.0.1
575 silly placeDep ROOT side-channel-map@1.0.1 OK for: side-channel@1.1.1 want: ^1.0.1
576 silly placeDep ROOT side-channel-weakmap@1.0.2 OK for: side-channel@1.1.1 want: ^1.0.2
577 silly fetch manifest call-bound@^1.0.2
578 silly packumentCache full:https://registry.npmjs.org/call-bound cache-miss
579 silly fetch manifest call-bound@^1.0.2
580 silly packumentCache full:https://registry.npmjs.org/call-bound cache-miss
581 http cache https://registry.npmjs.org/call-bound 28ms (cache hit)
582 silly packumentCache full:https://registry.npmjs.org/call-bound set size:15317 disposed:false
583 http cache https://registry.npmjs.org/call-bound 31ms (cache hit)
584 silly packumentCache full:https://registry.npmjs.org/call-bound set size:15317 disposed:false
585 silly packumentCache full:https://registry.npmjs.org/call-bound dispose
586 silly placeDep ROOT call-bound@1.0.4 OK for: side-channel-map@1.0.1 want: ^1.0.2
587 silly placeDep node_modules/type-is content-type@2.1.0 OK for: type-is@2.1.0 want: ^2.0.0
588 silly placeDep ROOT media-typer@1.1.1 OK for: type-is@2.1.0 want: ^1.1.0
589 silly placeDep node_modules/form-data mime-db@1.52.0 OK for: mime-types@2.1.35 want: 1.52.0
590 silly reify moves {}
591 silly audit bulk request {
591 silly audit   axios: [ '1.20.0' ],
591 silly audit   cheerio: [ '1.2.0' ],
591 silly audit   cors: [ '2.8.6' ],
591 silly audit   express: [ '5.2.1' ],
591 silly audit   ws: [ '8.21.3' ],
591 silly audit   'follow-redirects': [ '1.16.0' ],
591 silly audit   'form-data': [ '4.0.6' ],
591 silly audit   'https-proxy-agent': [ '5.0.1' ],
591 silly audit   'proxy-from-env': [ '2.1.0' ],
591 silly audit   'cheerio-select': [ '2.1.0' ],
591 silly audit   'dom-serializer': [ '2.0.0' ],
591 silly audit   domhandler: [ '5.0.3' ],
591 silly audit   domutils: [ '3.2.2' ],
591 silly audit   'encoding-sniffer': [ '0.2.1' ],
591 silly audit   htmlparser2: [ '10.1.0' ],
591 silly audit   parse5: [ '7.3.0' ],
591 silly audit   'parse5-htmlparser2-tree-adapter': [ '7.1.0' ],
591 silly audit   'parse5-parser-stream': [ '7.1.2' ],
591 silly audit   undici: [ '7.29.0' ],
591 silly audit   'whatwg-mimetype': [ '4.0.0' ],
591 silly audit   boolbase: [ '1.0.0' ],
591 silly audit   'css-select': [ '5.2.2' ],
591 silly audit   'css-what': [ '6.2.2' ],
591 silly audit   domelementtype: [ '2.3.0' ],
591 silly audit   'object-assign': [ '4.1.1' ],
591 silly audit   vary: [ '1.1.2' ],
591 silly audit   'nth-check': [ '2.1.1' ],
591 silly audit   entities: [ '4.5.0', '7.0.1', '6.0.1' ],
591 silly audit   'iconv-lite': [ '0.6.3', '0.7.3' ],
591 silly audit   'whatwg-encoding': [ '3.1.1' ],
591 silly audit   accepts: [ '2.0.0' ],
591 silly audit   'body-parser': [ '2.3.0' ],
591 silly audit   'content-disposition': [ '1.1.0' ],
591 silly audit   'content-type': [ '1.0.5', '2.1.0' ],
591 silly audit   cookie: [ '0.7.2' ],
591 silly audit   'cookie-signature': [ '1.2.2' ],
591 silly audit   debug: [ '4.4.3' ],
591 silly audit   depd: [ '2.0.0' ],
591 silly audit   encodeurl: [ '2.0.0' ],
591 silly audit   'escape-html': [ '1.0.3' ],
591 silly audit   etag: [ '1.8.1' ],
591 silly audit   finalhandler: [ '2.1.1' ],
591 silly audit   fresh: [ '2.0.0' ],
591 silly audit   'http-errors': [ '2.0.1' ],
591 silly audit   'merge-descriptors': [ '2.0.0' ],
591 silly audit   'mime-types': [ '3.0.2', '2.1.35' ],
591 silly audit   'on-finished': [ '2.4.1' ],
591 silly audit   once: [ '1.4.0' ],
591 silly audit   parseurl: [ '1.3.3' ],
591 silly audit   'proxy-addr': [ '2.0.7' ],
591 silly audit   qs: [ '6.15.3' ],
591 silly audit   'range-parser': [ '1.3.0' ],
591 silly audit   router: [ '2.2.0' ],
591 silly audit   send: [ '1.2.1' ],
591 silly audit   'serve-static': [ '2.2.1' ],
591 silly audit   statuses: [ '2.0.2' ],
591 silly audit   'type-is': [ '2.1.0' ],
591 silly audit   negotiator: [ '1.1.0' ],
591 silly audit   bytes: [ '3.1.2' ],
591 silly audit   'raw-body': [ '3.0.2' ],
591 silly audit   ms: [ '2.1.3' ],
591 silly audit   asynckit: [ '0.4.0' ],
591 silly audit   'combined-stream': [ '1.0.8' ],
591 silly audit   'es-set-tostringtag': [ '2.1.0' ],
591 silly audit   hasown: [ '2.0.4' ],
591 silly audit   'delayed-stream': [ '1.0.0' ],
591 silly audit   'es-errors': [ '1.3.0' ],
591 silly audit   'get-intrinsic': [ '1.3.0' ],
591 silly audit   'has-tostringtag': [ '1.0.2' ],
591 silly audit   'call-bind-apply-helpers': [ '1.0.2' ],
591 silly audit   'es-define-property': [ '1.0.1' ],
591 silly audit   'es-object-atoms': [ '1.1.2' ],
591 silly audit   'function-bind': [ '1.1.2' ],
591 silly audit   'get-proto': [ '1.0.1' ],
591 silly audit   gopd: [ '1.2.0' ],
591 silly audit   'has-symbols': [ '1.1.0' ],
591 silly audit   'math-intrinsics': [ '1.1.0' ],
591 silly audit   'dunder-proto': [ '1.0.1' ],
591 silly audit   inherits: [ '2.0.4' ],
591 silly audit   setprototypeof: [ '1.2.0' ],
591 silly audit   toidentifier: [ '1.0.1' ],
591 silly audit   'agent-base': [ '6.0.2' ],
591 silly audit   'safer-buffer': [ '2.1.2' ],
591 silly audit   'mime-db': [ '1.54.0', '1.52.0' ],
591 silly audit   'ee-first': [ '1.1.1' ],
591 silly audit   wrappy: [ '1.0.2' ],
591 silly audit   forwarded: [ '0.2.0' ],
591 silly audit   'ipaddr.js': [ '1.9.1' ],
591 silly audit   'side-channel': [ '1.1.1' ],
591 silly audit   unpipe: [ '1.0.0' ],
591 silly audit   'is-promise': [ '4.0.0' ],
591 silly audit   'path-to-regexp': [ '8.4.2' ],
591 silly audit   'object-inspect': [ '1.13.4' ],
591 silly audit   'side-channel-list': [ '1.0.1' ],
591 silly audit   'side-channel-map': [ '1.0.1' ],
591 silly audit   'side-channel-weakmap': [ '1.0.2' ],
591 silly audit   'call-bound': [ '1.0.4' ],
591 silly audit   'media-typer': [ '1.1.1' ]
591 silly audit }
592 http cache media-typer@https://registry.npmjs.org/media-typer/-/media-typer-1.1.1.tgz 0ms (cache hit)
593 http cache call-bound@https://registry.npmjs.org/call-bound/-/call-bound-1.0.4.tgz 0ms (cache hit)
594 http cache side-channel-weakmap@https://registry.npmjs.org/side-channel-weakmap/-/side-channel-weakmap-1.0.2.tgz 0ms (cache hit)
595 http cache side-channel-list@https://registry.npmjs.org/side-channel-list/-/side-channel-list-1.0.1.tgz 0ms (cache hit)
596 http cache side-channel-map@https://registry.npmjs.org/side-channel-map/-/side-channel-map-1.0.1.tgz 0ms (cache hit)
597 http cache object-inspect@https://registry.npmjs.org/object-inspect/-/object-inspect-1.13.4.tgz 0ms (cache hit)
598 http cache path-to-regexp@https://registry.npmjs.org/path-to-regexp/-/path-to-regexp-8.4.2.tgz 0ms (cache hit)
599 http cache is-promise@https://registry.npmjs.org/is-promise/-/is-promise-4.0.0.tgz 0ms (cache hit)
600 http cache unpipe@https://registry.npmjs.org/unpipe/-/unpipe-1.0.0.tgz 0ms (cache hit)
601 http cache side-channel@https://registry.npmjs.org/side-channel/-/side-channel-1.1.1.tgz 0ms (cache hit)
602 http cache forwarded@https://registry.npmjs.org/forwarded/-/forwarded-0.2.0.tgz 0ms (cache hit)
603 http cache ipaddr.js@https://registry.npmjs.org/ipaddr.js/-/ipaddr.js-1.9.1.tgz 0ms (cache hit)
604 http cache wrappy@https://registry.npmjs.org/wrappy/-/wrappy-1.0.2.tgz 0ms (cache hit)
605 http cache ee-first@https://registry.npmjs.org/ee-first/-/ee-first-1.1.1.tgz 0ms (cache hit)
606 http cache mime-db@https://registry.npmjs.org/mime-db/-/mime-db-1.54.0.tgz 0ms (cache hit)
607 http cache safer-buffer@https://registry.npmjs.org/safer-buffer/-/safer-buffer-2.1.2.tgz 0ms (cache hit)
608 http cache agent-base@https://registry.npmjs.org/agent-base/-/agent-base-6.0.2.tgz 0ms (cache hit)
609 http cache toidentifier@https://registry.npmjs.org/toidentifier/-/toidentifier-1.0.1.tgz 0ms (cache hit)
610 http cache setprototypeof@https://registry.npmjs.org/setprototypeof/-/setprototypeof-1.2.0.tgz 0ms (cache hit)
611 http cache inherits@https://registry.npmjs.org/inherits/-/inherits-2.0.4.tgz 0ms (cache hit)
612 http cache dunder-proto@https://registry.npmjs.org/dunder-proto/-/dunder-proto-1.0.1.tgz 0ms (cache hit)
613 http cache math-intrinsics@https://registry.npmjs.org/math-intrinsics/-/math-intrinsics-1.1.0.tgz 0ms (cache hit)
614 http cache has-symbols@https://registry.npmjs.org/has-symbols/-/has-symbols-1.1.0.tgz 0ms (cache hit)
615 http cache gopd@https://registry.npmjs.org/gopd/-/gopd-1.2.0.tgz 0ms (cache hit)
616 http cache get-proto@https://registry.npmjs.org/get-proto/-/get-proto-1.0.1.tgz 0ms (cache hit)
617 http cache function-bind@https://registry.npmjs.org/function-bind/-/function-bind-1.1.2.tgz 0ms (cache hit)
618 http cache es-object-atoms@https://registry.npmjs.org/es-object-atoms/-/es-object-atoms-1.1.2.tgz 0ms (cache hit)
619 http cache es-define-property@https://registry.npmjs.org/es-define-property/-/es-define-property-1.0.1.tgz 0ms (cache hit)
620 http cache call-bind-apply-helpers@https://registry.npmjs.org/call-bind-apply-helpers/-/call-bind-apply-helpers-1.0.2.tgz 0ms (cache hit)
621 http cache has-tostringtag@https://registry.npmjs.org/has-tostringtag/-/has-tostringtag-1.0.2.tgz 0ms (cache hit)
622 http cache get-intrinsic@https://registry.npmjs.org/get-intrinsic/-/get-intrinsic-1.3.0.tgz 0ms (cache hit)
623 http cache es-errors@https://registry.npmjs.org/es-errors/-/es-errors-1.3.0.tgz 0ms (cache hit)
624 http cache delayed-stream@https://registry.npmjs.org/delayed-stream/-/delayed-stream-1.0.0.tgz 0ms (cache hit)
625 http cache hasown@https://registry.npmjs.org/hasown/-/hasown-2.0.4.tgz 0ms (cache hit)
626 http cache es-set-tostringtag@https://registry.npmjs.org/es-set-tostringtag/-/es-set-tostringtag-2.1.0.tgz 0ms (cache hit)
627 http cache combined-stream@https://registry.npmjs.org/combined-stream/-/combined-stream-1.0.8.tgz 0ms (cache hit)
628 http cache asynckit@https://registry.npmjs.org/asynckit/-/asynckit-0.4.0.tgz 0ms (cache hit)
629 http cache ms@https://registry.npmjs.org/ms/-/ms-2.1.3.tgz 0ms (cache hit)
630 http cache raw-body@https://registry.npmjs.org/raw-body/-/raw-body-3.0.2.tgz 0ms (cache hit)
631 http cache bytes@https://registry.npmjs.org/bytes/-/bytes-3.1.2.tgz 0ms (cache hit)
632 http cache type-is@https://registry.npmjs.org/type-is/-/type-is-2.1.0.tgz 0ms (cache hit)
633 http cache statuses@https://registry.npmjs.org/statuses/-/statuses-2.0.2.tgz 0ms (cache hit)
634 http cache negotiator@https://registry.npmjs.org/negotiator/-/negotiator-1.1.0.tgz 0ms (cache hit)
635 http cache serve-static@https://registry.npmjs.org/serve-static/-/serve-static-2.2.1.tgz 0ms (cache hit)
636 http cache send@https://registry.npmjs.org/send/-/send-1.2.1.tgz 0ms (cache hit)
637 http cache range-parser@https://registry.npmjs.org/range-parser/-/range-parser-1.3.0.tgz 0ms (cache hit)
638 http cache router@https://registry.npmjs.org/router/-/router-2.2.0.tgz 0ms (cache hit)
639 http cache qs@https://registry.npmjs.org/qs/-/qs-6.15.3.tgz 0ms (cache hit)
640 http cache proxy-addr@https://registry.npmjs.org/proxy-addr/-/proxy-addr-2.0.7.tgz 0ms (cache hit)
641 http cache parseurl@https://registry.npmjs.org/parseurl/-/parseurl-1.3.3.tgz 0ms (cache hit)
642 http cache once@https://registry.npmjs.org/once/-/once-1.4.0.tgz 0ms (cache hit)
643 http cache on-finished@https://registry.npmjs.org/on-finished/-/on-finished-2.4.1.tgz 0ms (cache hit)
644 http cache mime-types@https://registry.npmjs.org/mime-types/-/mime-types-3.0.2.tgz 0ms (cache hit)
645 http cache merge-descriptors@https://registry.npmjs.org/merge-descriptors/-/merge-descriptors-2.0.0.tgz 0ms (cache hit)
646 http cache http-errors@https://registry.npmjs.org/http-errors/-/http-errors-2.0.1.tgz 0ms (cache hit)
647 http cache fresh@https://registry.npmjs.org/fresh/-/fresh-2.0.0.tgz 0ms (cache hit)
648 http cache finalhandler@https://registry.npmjs.org/finalhandler/-/finalhandler-2.1.1.tgz 0ms (cache hit)
649 http cache etag@https://registry.npmjs.org/etag/-/etag-1.8.1.tgz 0ms (cache hit)
650 http cache escape-html@https://registry.npmjs.org/escape-html/-/escape-html-1.0.3.tgz 0ms (cache hit)
651 http cache encodeurl@https://registry.npmjs.org/encodeurl/-/encodeurl-2.0.0.tgz 0ms (cache hit)
652 http cache depd@https://registry.npmjs.org/depd/-/depd-2.0.0.tgz 0ms (cache hit)
653 http cache debug@https://registry.npmjs.org/debug/-/debug-4.4.3.tgz 0ms (cache hit)
654 http cache cookie-signature@https://registry.npmjs.org/cookie-signature/-/cookie-signature-1.2.2.tgz 0ms (cache hit)
655 http cache cookie@https://registry.npmjs.org/cookie/-/cookie-0.7.2.tgz 0ms (cache hit)
656 http cache content-type@https://registry.npmjs.org/content-type/-/content-type-1.0.5.tgz 0ms (cache hit)
657 http cache content-disposition@https://registry.npmjs.org/content-disposition/-/content-disposition-1.1.0.tgz 1ms (cache hit)
658 http cache body-parser@https://registry.npmjs.org/body-parser/-/body-parser-2.3.0.tgz 0ms (cache hit)
659 http cache accepts@https://registry.npmjs.org/accepts/-/accepts-2.0.0.tgz 0ms (cache hit)
660 http cache whatwg-encoding@https://registry.npmjs.org/whatwg-encoding/-/whatwg-encoding-3.1.1.tgz 0ms (cache hit)
661 http cache iconv-lite@https://registry.npmjs.org/iconv-lite/-/iconv-lite-0.6.3.tgz 0ms (cache hit)
662 http cache entities@https://registry.npmjs.org/entities/-/entities-4.5.0.tgz 0ms (cache hit)
663 http cache nth-check@https://registry.npmjs.org/nth-check/-/nth-check-2.1.1.tgz 0ms (cache hit)
664 http cache vary@https://registry.npmjs.org/vary/-/vary-1.1.2.tgz 0ms (cache hit)
665 http cache object-assign@https://registry.npmjs.org/object-assign/-/object-assign-4.1.1.tgz 1ms (cache hit)
666 http cache domelementtype@https://registry.npmjs.org/domelementtype/-/domelementtype-2.3.0.tgz 0ms (cache hit)
667 http cache css-what@https://registry.npmjs.org/css-what/-/css-what-6.2.2.tgz 0ms (cache hit)
668 http cache css-select@https://registry.npmjs.org/css-select/-/css-select-5.2.2.tgz 0ms (cache hit)
669 http cache boolbase@https://registry.npmjs.org/boolbase/-/boolbase-1.0.0.tgz 0ms (cache hit)
670 http cache whatwg-mimetype@https://registry.npmjs.org/whatwg-mimetype/-/whatwg-mimetype-4.0.0.tgz 0ms (cache hit)
671 http cache undici@https://registry.npmjs.org/undici/-/undici-7.29.0.tgz 0ms (cache hit)
672 http cache parse5-parser-stream@https://registry.npmjs.org/parse5-parser-stream/-/parse5-parser-stream-7.1.2.tgz 0ms (cache hit)
673 http cache parse5-htmlparser2-tree-adapter@https://registry.npmjs.org/parse5-htmlparser2-tree-adapter/-/parse5-htmlparser2-tree-adapter-7.1.0.tgz 0ms (cache hit)
674 http cache parse5@https://registry.npmjs.org/parse5/-/parse5-7.3.0.tgz 0ms (cache hit)
675 http cache htmlparser2@https://registry.npmjs.org/htmlparser2/-/htmlparser2-10.1.0.tgz 0ms (cache hit)
676 http cache encoding-sniffer@https://registry.npmjs.org/encoding-sniffer/-/encoding-sniffer-0.2.1.tgz 1ms (cache hit)
677 http cache domutils@https://registry.npmjs.org/domutils/-/domutils-3.2.2.tgz 0ms (cache hit)
678 http cache domhandler@https://registry.npmjs.org/domhandler/-/domhandler-5.0.3.tgz 0ms (cache hit)
679 http cache dom-serializer@https://registry.npmjs.org/dom-serializer/-/dom-serializer-2.0.0.tgz 0ms (cache hit)
680 http cache cheerio-select@https://registry.npmjs.org/cheerio-select/-/cheerio-select-2.1.0.tgz 0ms (cache hit)
681 http cache proxy-from-env@https://registry.npmjs.org/proxy-from-env/-/proxy-from-env-2.1.0.tgz 0ms (cache hit)
682 http cache https-proxy-agent@https://registry.npmjs.org/https-proxy-agent/-/https-proxy-agent-5.0.1.tgz 0ms (cache hit)
683 http cache form-data@https://registry.npmjs.org/form-data/-/form-data-4.0.6.tgz 0ms (cache hit)
684 http cache follow-redirects@https://registry.npmjs.org/follow-redirects/-/follow-redirects-1.16.0.tgz 0ms (cache hit)
685 http cache ws@https://registry.npmjs.org/ws/-/ws-8.21.3.tgz 0ms (cache hit)
686 http cache express@https://registry.npmjs.org/express/-/express-5.2.1.tgz 1ms (cache hit)
687 http cache cors@https://registry.npmjs.org/cors/-/cors-2.8.6.tgz 0ms (cache hit)
688 http cache cheerio@https://registry.npmjs.org/cheerio/-/cheerio-1.2.0.tgz 0ms (cache hit)
689 http cache axios@https://registry.npmjs.org/axios/-/axios-1.20.0.tgz 0ms (cache hit)
690 http cache iconv-lite@https://registry.npmjs.org/iconv-lite/-/iconv-lite-0.7.3.tgz 0ms (cache hit)
691 http cache content-type@https://registry.npmjs.org/content-type/-/content-type-2.1.0.tgz 0ms (cache hit)
692 http cache content-type@https://registry.npmjs.org/content-type/-/content-type-2.1.0.tgz 0ms (cache hit)
693 http cache iconv-lite@https://registry.npmjs.org/iconv-lite/-/iconv-lite-0.7.3.tgz 0ms (cache hit)
694 http cache content-type@https://registry.npmjs.org/content-type/-/content-type-2.1.0.tgz 0ms (cache hit)
695 http cache entities@https://registry.npmjs.org/entities/-/entities-6.0.1.tgz 1ms (cache hit)
696 http cache entities@https://registry.npmjs.org/entities/-/entities-7.0.1.tgz 0ms (cache hit)
697 http cache mime-db@https://registry.npmjs.org/mime-db/-/mime-db-1.52.0.tgz 0ms (cache hit)
698 http cache mime-types@https://registry.npmjs.org/mime-types/-/mime-types-2.1.35.tgz 0ms (cache hit)
699 silly tarball no local data for axios@https://registry.npmjs.org/axios/-/axios-1.20.0.tgz. Extracting by manifest.
700 http fetch POST 200 https://registry.npmjs.org/-/npm/v1/security/advisories/bulk 2123ms
701 silly audit report {}
702 warn deprecated whatwg-encoding@3.1.1: Use @exodus/bytes instead for a more spec-conformant and faster implementation
703 http fetch GET 200 https://registry.npmjs.org/axios/-/axios-1.20.0.tgz 3654ms (cache miss)
704 silly ADD node_modules/media-typer
705 silly ADD node_modules/call-bound
706 silly ADD node_modules/side-channel-weakmap
707 silly ADD node_modules/side-channel-map
708 silly ADD node_modules/side-channel-list
709 silly ADD node_modules/object-inspect
710 silly ADD node_modules/path-to-regexp
711 silly ADD node_modules/is-promise
712 silly ADD node_modules/unpipe
713 silly ADD node_modules/side-channel
714 silly ADD node_modules/ipaddr.js
715 silly ADD node_modules/forwarded
716 silly ADD node_modules/wrappy
717 silly ADD node_modules/ee-first
718 silly ADD node_modules/mime-db
719 silly ADD node_modules/safer-buffer
720 silly ADD node_modules/agent-base
721 silly ADD node_modules/toidentifier
722 silly ADD node_modules/setprototypeof
723 silly ADD node_modules/inherits
724 silly ADD node_modules/dunder-proto
725 silly ADD node_modules/math-intrinsics
726 silly ADD node_modules/has-symbols
727 silly ADD node_modules/gopd
728 silly ADD node_modules/get-proto
729 silly ADD node_modules/function-bind
730 silly ADD node_modules/es-object-atoms
731 silly ADD node_modules/es-define-property
732 silly ADD node_modules/call-bind-apply-helpers
733 silly ADD node_modules/has-tostringtag
734 silly ADD node_modules/get-intrinsic
735 silly ADD node_modules/es-errors
736 silly ADD node_modules/delayed-stream
737 silly ADD node_modules/hasown
738 silly ADD node_modules/es-set-tostringtag
739 silly ADD node_modules/combined-stream
740 silly ADD node_modules/asynckit
741 silly ADD node_modules/ms
742 silly ADD node_modules/raw-body
743 silly ADD node_modules/raw-body/node_modules/iconv-lite
744 silly ADD node_modules/bytes
745 silly ADD node_modules/negotiator
746 silly ADD node_modules/negotiator/node_modules/content-type
747 silly ADD node_modules/type-is
748 silly ADD node_modules/type-is/node_modules/content-type
749 silly ADD node_modules/statuses
750 silly ADD node_modules/serve-static
751 silly ADD node_modules/send
752 silly ADD node_modules/router
753 silly ADD node_modules/range-parser
754 silly ADD node_modules/qs
755 silly ADD node_modules/proxy-addr
756 silly ADD node_modules/parseurl
757 silly ADD node_modules/once
758 silly ADD node_modules/on-finished
759 silly ADD node_modules/mime-types
760 silly ADD node_modules/merge-descriptors
761 silly ADD node_modules/http-errors
762 silly ADD node_modules/fresh
763 silly ADD node_modules/finalhandler
764 silly ADD node_modules/etag
765 silly ADD node_modules/escape-html
766 silly ADD node_modules/encodeurl
767 silly ADD node_modules/depd
768 silly ADD node_modules/debug
769 silly ADD node_modules/cookie-signature
770 silly ADD node_modules/cookie
771 silly ADD node_modules/content-type
772 silly ADD node_modules/content-disposition
773 silly ADD node_modules/body-parser
774 silly ADD node_modules/body-parser/node_modules/iconv-lite
775 silly ADD node_modules/body-parser/node_modules/content-type
776 silly ADD node_modules/accepts
777 silly ADD node_modules/whatwg-encoding
778 silly ADD node_modules/iconv-lite
779 silly ADD node_modules/entities
780 silly ADD node_modules/nth-check
781 silly ADD node_modules/vary
782 silly ADD node_modules/object-assign
783 silly ADD node_modules/domelementtype
784 silly ADD node_modules/css-what
785 silly ADD node_modules/css-select
786 silly ADD node_modules/boolbase
787 silly ADD node_modules/whatwg-mimetype
788 silly ADD node_modules/undici
789 silly ADD node_modules/parse5-parser-stream
790 silly ADD node_modules/parse5-htmlparser2-tree-adapter
791 silly ADD node_modules/parse5
792 silly ADD node_modules/parse5/node_modules/entities
793 silly ADD node_modules/htmlparser2
794 silly ADD node_modules/htmlparser2/node_modules/entities
795 silly ADD node_modules/encoding-sniffer
796 silly ADD node_modules/domutils
797 silly ADD node_modules/domhandler
798 silly ADD node_modules/dom-serializer
799 silly ADD node_modules/cheerio-select
800 silly ADD node_modules/proxy-from-env
801 silly ADD node_modules/https-proxy-agent
802 silly ADD node_modules/form-data
803 silly ADD node_modules/form-data/node_modules/mime-db
804 silly ADD node_modules/form-data/node_modules/mime-types
805 silly ADD node_modules/follow-redirects
806 silly ADD node_modules/ws
807 silly ADD node_modules/express
808 silly ADD node_modules/cors
809 silly ADD node_modules/cheerio
810 silly ADD node_modules/axios
811 verbose cwd /data/data/com.termux/files/home/email-com
812 verbose os Linux 4.14.199-27193134-abA035FXXS9CYG1
813 verbose node v26.4.0
814 verbose npm  v11.19.1
815 verbose exit 0
816 info ok
